Archive member included to satisfy reference by file (symbol)

c:/st/stm32cubeide_1.10.1/stm32cubeide/plugins/com.st.stm32cube.ide.mcu.externaltools.gnu-tools-for-stm32.10.3-2021.10.win32_1.0.0.202111181127/tools/bin/../lib/gcc/arm-none-eabi/10.3.1/../../../../arm-none-eabi/lib/thumb/v7e-m+fp/hard\libc_nano.a(lib_a-errno.o)
                              ./Core/Src/syscalls.o (__errno)
c:/st/stm32cubeide_1.10.1/stm32cubeide/plugins/com.st.stm32cube.ide.mcu.externaltools.gnu-tools-for-stm32.10.3-2021.10.win32_1.0.0.202111181127/tools/bin/../lib/gcc/arm-none-eabi/10.3.1/../../../../arm-none-eabi/lib/thumb/v7e-m+fp/hard\libc_nano.a(lib_a-exit.o)
                              c:/st/stm32cubeide_1.10.1/stm32cubeide/plugins/com.st.stm32cube.ide.mcu.externaltools.gnu-tools-for-stm32.10.3-2021.10.win32_1.0.0.202111181127/tools/bin/../lib/gcc/arm-none-eabi/10.3.1/../../../../arm-none-eabi/lib/thumb/v7e-m+fp/hard/crt0.o (exit)
c:/st/stm32cubeide_1.10.1/stm32cubeide/plugins/com.st.stm32cube.ide.mcu.externaltools.gnu-tools-for-stm32.10.3-2021.10.win32_1.0.0.202111181127/tools/bin/../lib/gcc/arm-none-eabi/10.3.1/../../../../arm-none-eabi/lib/thumb/v7e-m+fp/hard\libc_nano.a(lib_a-impure.o)
                              c:/st/stm32cubeide_1.10.1/stm32cubeide/plugins/com.st.stm32cube.ide.mcu.externaltools.gnu-tools-for-stm32.10.3-2021.10.win32_1.0.0.202111181127/tools/bin/../lib/gcc/arm-none-eabi/10.3.1/../../../../arm-none-eabi/lib/thumb/v7e-m+fp/hard\libc_nano.a(lib_a-exit.o) (_global_impure_ptr)
c:/st/stm32cubeide_1.10.1/stm32cubeide/plugins/com.st.stm32cube.ide.mcu.externaltools.gnu-tools-for-stm32.10.3-2021.10.win32_1.0.0.202111181127/tools/bin/../lib/gcc/arm-none-eabi/10.3.1/../../../../arm-none-eabi/lib/thumb/v7e-m+fp/hard\libc_nano.a(lib_a-init.o)
                              c:/st/stm32cubeide_1.10.1/stm32cubeide/plugins/com.st.stm32cube.ide.mcu.externaltools.gnu-tools-for-stm32.10.3-2021.10.win32_1.0.0.202111181127/tools/bin/../lib/gcc/arm-none-eabi/10.3.1/../../../../arm-none-eabi/lib/thumb/v7e-m+fp/hard/crt0.o (__libc_init_array)
c:/st/stm32cubeide_1.10.1/stm32cubeide/plugins/com.st.stm32cube.ide.mcu.externaltools.gnu-tools-for-stm32.10.3-2021.10.win32_1.0.0.202111181127/tools/bin/../lib/gcc/arm-none-eabi/10.3.1/../../../../arm-none-eabi/lib/thumb/v7e-m+fp/hard\libc_nano.a(lib_a-memset.o)
                              c:/st/stm32cubeide_1.10.1/stm32cubeide/plugins/com.st.stm32cube.ide.mcu.externaltools.gnu-tools-for-stm32.10.3-2021.10.win32_1.0.0.202111181127/tools/bin/../lib/gcc/arm-none-eabi/10.3.1/../../../../arm-none-eabi/lib/thumb/v7e-m+fp/hard/crt0.o (memset)
c:/st/stm32cubeide_1.10.1/stm32cubeide/plugins/com.st.stm32cube.ide.mcu.externaltools.gnu-tools-for-stm32.10.3-2021.10.win32_1.0.0.202111181127/tools/bin/../lib/gcc/arm-none-eabi/10.3.1/../../../../arm-none-eabi/lib/thumb/v7e-m+fp/hard\libc_nano.a(lib_a-sprintf.o)
                              ./Core/Src/RFM69.o (sprintf)
c:/st/stm32cubeide_1.10.1/stm32cubeide/plugins/com.st.stm32cube.ide.mcu.externaltools.gnu-tools-for-stm32.10.3-2021.10.win32_1.0.0.202111181127/tools/bin/../lib/gcc/arm-none-eabi/10.3.1/../../../../arm-none-eabi/lib/thumb/v7e-m+fp/hard\libc_nano.a(lib_a-strlen.o)
                              ./Core/Src/usart.o (strlen)
c:/st/stm32cubeide_1.10.1/stm32cubeide/plugins/com.st.stm32cube.ide.mcu.externaltools.gnu-tools-for-stm32.10.3-2021.10.win32_1.0.0.202111181127/tools/bin/../lib/gcc/arm-none-eabi/10.3.1/../../../../arm-none-eabi/lib/thumb/v7e-m+fp/hard\libc_nano.a(lib_a-nano-svfprintf.o)
                              c:/st/stm32cubeide_1.10.1/stm32cubeide/plugins/com.st.stm32cube.ide.mcu.externaltools.gnu-tools-for-stm32.10.3-2021.10.win32_1.0.0.202111181127/tools/bin/../lib/gcc/arm-none-eabi/10.3.1/../../../../arm-none-eabi/lib/thumb/v7e-m+fp/hard\libc_nano.a(lib_a-sprintf.o) (_svfprintf_r)
c:/st/stm32cubeide_1.10.1/stm32cubeide/plugins/com.st.stm32cube.ide.mcu.externaltools.gnu-tools-for-stm32.10.3-2021.10.win32_1.0.0.202111181127/tools/bin/../lib/gcc/arm-none-eabi/10.3.1/../../../../arm-none-eabi/lib/thumb/v7e-m+fp/hard\libc_nano.a(lib_a-nano-vfprintf_i.o)
                              c:/st/stm32cubeide_1.10.1/stm32cubeide/plugins/com.st.stm32cube.ide.mcu.externaltools.gnu-tools-for-stm32.10.3-2021.10.win32_1.0.0.202111181127/tools/bin/../lib/gcc/arm-none-eabi/10.3.1/../../../../arm-none-eabi/lib/thumb/v7e-m+fp/hard\libc_nano.a(lib_a-nano-svfprintf.o) (_printf_i)
c:/st/stm32cubeide_1.10.1/stm32cubeide/plugins/com.st.stm32cube.ide.mcu.externaltools.gnu-tools-for-stm32.10.3-2021.10.win32_1.0.0.202111181127/tools/bin/../lib/gcc/arm-none-eabi/10.3.1/../../../../arm-none-eabi/lib/thumb/v7e-m+fp/hard\libc_nano.a(lib_a-memchr.o)
                              c:/st/stm32cubeide_1.10.1/stm32cubeide/plugins/com.st.stm32cube.ide.mcu.externaltools.gnu-tools-for-stm32.10.3-2021.10.win32_1.0.0.202111181127/tools/bin/../lib/gcc/arm-none-eabi/10.3.1/../../../../arm-none-eabi/lib/thumb/v7e-m+fp/hard\libc_nano.a(lib_a-nano-svfprintf.o) (memchr)
[...]
Memory Configuration

Name             Origin             Length             Attributes
RAM              0x0000000020000000 0x0000000000018000 xrw
RAM2             0x0000000010000000 0x0000000000008000 xrw
FLASH            0x0000000008000000 0x0000000000100000 xr
*default*        0x0000000000000000 0xffffffffffffffff

Linker script and memory map

LOAD c:/st/stm32cubeide_1.10.1/stm32cubeide/plugins/com.st.stm32cube.ide.mcu.externaltools.gnu-tools-for-stm32.10.3-2021.10.win32_1.0.0.202111181127/tools/bin/../lib/gcc/arm-none-eabi/10.3.1/thumb/v7e-m+fp/hard/crti.o
LOAD c:/st/stm32cubeide_1.10.1/stm32cubeide/plugins/com.st.stm32cube.ide.mcu.externaltools.gnu-tools-for-stm32.10.3-2021.10.win32_1.0.0.202111181127/tools/bin/../lib/gcc/arm-none-eabi/10.3.1/thumb/v7e-m+fp/hard/crtbegin.o
LOAD c:/st/stm32cubeide_1.10.1/stm32cubeide/plugins/com.st.stm32cube.ide.mcu.externaltools.gnu-tools-for-stm32.10.3-2021.10.win32_1.0.0.202111181127/tools/bin/../lib/gcc/arm-none-eabi/10.3.1/../../../../arm-none-eabi/lib/thumb/v7e-m+fp/hard/crt0.o
LOAD ./Core/Src/RFM69.o
LOAD ./Core/Src/RFM69_ext.o
LOAD ./Core/Src/gpio.o
LOAD ./Core/Src/main.o
LOAD ./Core/Src/spi.o
LOAD ./Core/Src/stm32l4xx_hal_msp.o
LOAD ./Core/Src/stm32l4xx_it.o
LOAD ./Core/Src/syscalls.o
LOAD ./Core/Src/sysmem.o
LOAD ./Core/Src/system_stm32l4xx.o
LOAD ./Core/Src/usart.o
LOAD ./Core/Startup/startup_stm32l476rgtx.o
LOAD ./Drivers/STM32L4xx_HAL_Driver/Src/stm32l4xx_hal.o
LOAD ./Drivers/STM32L4xx_HAL_Driver/Src/stm32l4xx_hal_cortex.o
LOAD ./Drivers/STM32L4xx_HAL_Driver/Src/stm32l4xx_hal_dma.o
LOAD ./Drivers/STM32L4xx_HAL_Driver/Src/stm32l4xx_hal_dma_ex.o
LOAD ./Drivers/STM32L4xx_HAL_Driver/Src/stm32l4xx_hal_exti.o
LOAD ./Drivers/STM32L4xx_HAL_Driver/Src/stm32l4xx_hal_flash.o
LOAD ./Drivers/STM32L4xx_HAL_Driver/Src/stm32l4xx_hal_flash_ex.o
LOAD ./Drivers/STM32L4xx_HAL_Driver/Src/stm32l4xx_hal_flash_ramfunc.o
LOAD ./Drivers/STM32L4xx_HAL_Driver/Src/stm32l4xx_hal_gpio.o
LOAD ./Drivers/STM32L4xx_HAL_Driver/Src/stm32l4xx_hal_i2c.o
LOAD ./Drivers/STM32L4xx_HAL_Driver/Src/stm32l4xx_hal_i2c_ex.o
LOAD ./Drivers/STM32L4xx_HAL_Driver/Src/stm32l4xx_hal_pwr.o
LOAD ./Drivers/STM32L4xx_HAL_Driver/Src/stm32l4xx_hal_pwr_ex.o
LOAD ./Drivers/STM32L4xx_HAL_Driver/Src/stm32l4xx_hal_rcc.o
LOAD ./Drivers/STM32L4xx_HAL_Driver/Src/stm32l4xx_hal_rcc_ex.o
LOAD ./Drivers/STM32L4xx_HAL_Driver/Src/stm32l4xx_hal_spi.o
LOAD ./Drivers/STM32L4xx_HAL_Driver/Src/stm32l4xx_hal_spi_ex.o
LOAD ./Drivers/STM32L4xx_HAL_Driver/Src/stm32l4xx_hal_tim.o
LOAD ./Drivers/STM32L4xx_HAL_Driver/Src/stm32l4xx_hal_tim_ex.o
LOAD ./Drivers/STM32L4xx_HAL_Driver/Src/stm32l4xx_hal_uart.o
LOAD ./Drivers/STM32L4xx_HAL_Driver/Src/stm32l4xx_hal_uart_ex.o
START GROUP
LOAD c:/st/stm32cubeide_1.10.1/stm32cubeide/plugins/com.st.stm32cube.ide.mcu.externaltools.gnu-tools-for-stm32.10.3-2021.10.win32_1.0.0.202111181127/tools/bin/../lib/gcc/arm-none-eabi/10.3.1/../../../../arm-none-eabi/lib/thumb/v7e-m+fp/hard\libc_nano.a
LOAD c:/st/stm32cubeide_1.10.1/stm32cubeide/plugins/com.st.stm32cube.ide.mcu.externaltools.gnu-tools-for-stm32.10.3-2021.10.win32_1.0.0.202111181127/tools/bin/../lib/gcc/arm-none-eabi/10.3.1/../../../../arm-none-eabi/lib/thumb/v7e-m+fp/hard\libm.a
END GROUP
START GROUP
LOAD c:/st/stm32cubeide_1.10.1/stm32cubeide/plugins/com.st.stm32cube.ide.mcu.externaltools.gnu-tools-for-stm32.10.3-2021.10.win32_1.0.0.202111181127/tools/bin/../lib/gcc/arm-none-eabi/10.3.1/thumb/v7e-m+fp/hard\libgcc.a
LOAD c:/st/stm32cubeide_1.10.1/stm32cubeide/plugins/com.st.stm32cube.ide.mcu.externaltools.gnu-tools-for-stm32.10.3-2021.10.win32_1.0.0.202111181127/tools/bin/../lib/gcc/arm-none-eabi/10.3.1/../../../../arm-none-eabi/lib/thumb/v7e-m+fp/hard\libc_nano.a
END GROUP
START GROUP
LOAD c:/st/stm32cubeide_1.10.1/stm32cubeide/plugins/com.st.stm32cube.ide.mcu.externaltools.gnu-tools-for-stm32.10.3-2021.10.win32_1.0.0.202111181127/tools/bin/../lib/gcc/arm-none-eabi/10.3.1/thumb/v7e-m+fp/hard\libgcc.a
LOAD c:/st/stm32cubeide_1.10.1/stm32cubeide/plugins/com.st.stm32cube.ide.mcu.externaltools.gnu-tools-for-stm32.10.3-2021.10.win32_1.0.0.202111181127/tools/bin/../lib/gcc/arm-none-eabi/10.3.1/../../../../arm-none-eabi/lib/thumb/v7e-m+fp/hard\libc_nano.a
LOAD c:/st/stm32cubeide_1.10.1/stm32cubeide/plugins/com.st.stm32cube.ide.mcu.externaltools.gnu-tools-for-stm32.10.3-2021.10.win32_1.0.0.202111181127/tools/bin/../lib/gcc/arm-none-eabi/10.3.1/../../../../arm-none-eabi/lib/thumb/v7e-m+fp/hard\libnosys.a
END GROUP
START GROUP
LOAD c:/st/stm32cubeide_1.10.1/stm32cubeide/plugins/com.st.stm32cube.ide.mcu.externaltools.gnu-tools-for-stm32.10.3-2021.10.win32_1.0.0.202111181127/tools/bin/../lib/gcc/arm-none-eabi/10.3.1/thumb/v7e-m+fp/hard\libgcc.a
LOAD c:/st/stm32cubeide_1.10.1/stm32cubeide/plugins/com.st.stm32cube.ide.mcu.externaltools.gnu-tools-for-stm32.10.3-2021.10.win32_1.0.0.202111181127/tools/bin/../lib/gcc/arm-none-eabi/10.3.1/../../../../arm-none-eabi/lib/thumb/v7e-m+fp/hard\libc_nano.a
LOAD c:/st/stm32cubeide_1.10.1/stm32cubeide/plugins/com.st.stm32cube.ide.mcu.externaltools.gnu-tools-for-stm32.10.3-2021.10.win32_1.0.0.202111181127/tools/bin/../lib/gcc/arm-none-eabi/10.3.1/../../../../arm-none-eabi/lib/thumb/v7e-m+fp/hard\libnosys.a
END GROUP
LOAD c:/st/stm32cubeide_1.10.1/stm32cubeide/plugins/com.st.stm32cube.ide.mcu.externaltools.gnu-tools-for-stm32.10.3-2021.10.win32_1.0.0.202111181127/tools/bin/../lib/gcc/arm-none-eabi/10.3.1/thumb/v7e-m+fp/hard/crtend.o
LOAD c:/st/stm32cubeide_1.10.1/stm32cubeide/plugins/com.st.stm32cube.ide.mcu.externaltools.gnu-tools-for-stm32.10.3-2021.10.win32_1.0.0.202111181127/tools/bin/../lib/gcc/arm-none-eabi/10.3.1/thumb/v7e-m+fp/hard/crtn.o
                0x0000000020018000                _estack = (ORIGIN (RAM) + LENGTH (RAM))
                0x0000000000000200                _Min_Heap_Size = 0x200
                0x0000000000000400                _Min_Stack_Size = 0x400

.isr_vector     0x0000000008000000      0x188
                0x0000000008000000                . = ALIGN (0x4)
 *(.isr_vector)
 .isr_vector    0x0000000008000000      0x188 ./Core/Startup/startup_stm32l476rgtx.o
                0x0000000008000000                g_pfnVectors
                0x0000000008000188                . = ALIGN (0x4)

.text           0x0000000008000190     0x55e4
                0x0000000008000190                . = ALIGN (0x4)
 *(.text)
 .text          0x0000000008000190       0x40 c:/st/stm32cubeide_1.10.1/stm32cubeide/plugins/com.st.stm32cube.ide.mcu.externaltools.gnu-tools-for-stm32.10.3-2021.10.win32_1.0.0.202111181127/tools/bin/../lib/gcc/arm-none-eabi/10.3.1/thumb/v7e-m+fp/hard/crtbegin.o
 .text          0x00000000080001d0       0x10 c:/st/stm32cubeide_1.10.1/stm32cubeide/plugins/com.st.stm32cube.ide.mcu.externaltools.gnu-tools-for-stm32.10.3-2021.10.win32_1.0.0.202111181127/tools/bin/../lib/gcc/arm-none-eabi/10.3.1/../../../../arm-none-eabi/lib/thumb/v7e-m+fp/hard\libc_nano.a(lib_a-strlen.o)
                0x00000000080001d0                strlen
 .text          0x00000000080001e0       0xa0 c:/st/stm32cubeide_1.10.1/stm32cubeide/plugins/com.st.stm32cube.ide.mcu.externaltools.gnu-tools-for-stm32.10.3-2021.10.win32_1.0.0.202111181127/tools/bin/../lib/gcc/arm-none-eabi/10.3.1/../../../../arm-none-eabi/lib/thumb/v7e-m+fp/hard\libc_nano.a(lib_a-memchr.o)
                0x00000000080001e0                memchr
 .text          0x0000000008000280       0x30 c:/st/stm32cubeide_1.10.1/stm32cubeide/plugins/com.st.stm32cube.ide.mcu.externaltools.gnu-tools-for-stm32.10.3-2021.10.win32_1.0.0.202111181127/tools/bin/../lib/gcc/arm-none-eabi/10.3.1/thumb/v7e-m+fp/hard\libgcc.a(_aeabi_uldivmod.o)
                0x0000000008000280                __aeabi_uldivmod
 .text          0x00000000080002b0      0x2d0 c:/st/stm32cubeide_1.10.1/stm32cubeide/plugins/com.st.stm32cube.ide.mcu.externaltools.gnu-tools-for-stm32.10.3-2021.10.win32_1.0.0.202111181127/tools/bin/../lib/gcc/arm-none-eabi/10.3.1/thumb/v7e-m+fp/hard\libgcc.a(_udivmoddi4.o)
                0x00000000080002b0                __udivmoddi4
 .text          0x0000000008000580        0x4 c:/st/stm32cubeide_1.10.1/stm32cubeide/plugins/com.st.stm32cube.ide.mcu.externaltools.gnu-tools-for-stm32.10.3-2021.10.win32_1.0.0.202111181127/tools/bin/../lib/gcc/arm-none-eabi/10.3.1/thumb/v7e-m+fp/hard\libgcc.a(_dvmd_tls.o)
                0x0000000008000580                __aeabi_idiv0
                0x0000000008000580                __aeabi_ldiv0
 *(.text*)
 .text.RFM69_initialize
                0x0000000008000584      0x1fc ./Core/Src/RFM69.o
                0x0000000008000584                RFM69_initialize
 .text.RFM69_setMode
                0x0000000008000780      0x110 ./Core/Src/RFM69.o
                0x0000000008000780                RFM69_setMode
 .text.RFM69_canSend
                0x0000000008000890       0x3c ./Core/Src/RFM69.o
                0x0000000008000890                RFM69_canSend
 .text.RFM69_send
                0x00000000080008cc       0x5c ./Core/Src/RFM69.o
                0x00000000080008cc                RFM69_send
 .text.RFM69_sendWithRetry
                0x0000000008000928       0x70 ./Core/Src/RFM69.o
                0x0000000008000928                RFM69_sendWithRetry
 .text.RFM69_ACKReceived
                0x0000000008000998       0x4c ./Core/Src/RFM69.o
                0x0000000008000998                RFM69_ACKReceived
 .text.RFM69_sendFrame
                0x00000000080009e4       0xf4 ./Core/Src/RFM69.o
 .text.RFM69_interruptHandler
                0x0000000008000ad8      0x158 ./Core/Src/RFM69.o
                0x0000000008000ad8                RFM69_interruptHandler
 .text.RFM69_receiveBegin
                0x0000000008000c30       0x84 ./Core/Src/RFM69.o
                0x0000000008000c30                RFM69_receiveBegin
 .text.RFM69_receiveDone
                0x0000000008000cb4       0x40 ./Core/Src/RFM69.o
                0x0000000008000cb4                RFM69_receiveDone
 .text.RFM69_encrypt
                0x0000000008000cf4       0x76 ./Core/Src/RFM69.o
                0x0000000008000cf4                RFM69_encrypt
 .text.RFM69_readRSSI
                0x0000000008000d6a       0x52 ./Core/Src/RFM69.o
                0x0000000008000d6a                RFM69_readRSSI
 .text.RFM69_setHighPower
                0x0000000008000dbc       0x30 ./Core/Src/RFM69.o
                0x0000000008000dbc                RFM69_setHighPower
 .text.RFM69_setHighPowerRegs
                0x0000000008000dec       0x3a ./Core/Src/RFM69.o
                0x0000000008000dec                RFM69_setHighPowerRegs
 *fill*         0x0000000008000e26        0x2 
 .text.RFM69_readAllRegs
                0x0000000008000e28      0x6f0 ./Core/Src/RFM69.o
                0x0000000008000e28                RFM69_readAllRegs
 .text.RFM69_readReg
                0x0000000008001518       0x34 ./Core/Src/RFM69.o
                0x0000000008001518                RFM69_readReg
 .text.RFM69_writeReg
                0x000000000800154c       0x36 ./Core/Src/RFM69.o
                0x000000000800154c                RFM69_writeReg
 .text.RFM69_select
                0x0000000008001582       0x12 ./Core/Src/RFM69.o
                0x0000000008001582                RFM69_select
 .text.RFM69_unselect
                0x0000000008001594       0x12 ./Core/Src/RFM69.o
                0x0000000008001594                RFM69_unselect
 *fill*         0x00000000080015a6        0x2 
 .text.PrintStruct
                0x00000000080015a8       0x80 ./Core/Src/RFM69.o
                0x00000000080015a8                PrintStruct
 .text.RFM69_RST
                0x0000000008001628       0x30 ./Core/Src/RFM69_ext.o
                0x0000000008001628                RFM69_RST
 .text.noInterrupts
                0x0000000008001658       0x1c ./Core/Src/RFM69_ext.o
                0x0000000008001658                noInterrupts
 .text.interrupts
                0x0000000008001674       0x1c ./Core/Src/RFM69_ext.o
                0x0000000008001674                interrupts
 .text.RFM69_SetCSPin
                0x0000000008001690       0x24 ./Core/Src/RFM69_ext.o
                0x0000000008001690                RFM69_SetCSPin
 .text.RFM69_ReadDIO0Pin
                0x00000000080016b4       0x2c ./Core/Src/RFM69_ext.o
                0x00000000080016b4                RFM69_ReadDIO0Pin
 .text.Timeout_IsTimeout1
                0x00000000080016e0       0x38 ./Core/Src/RFM69_ext.o
                0x00000000080016e0                Timeout_IsTimeout1
 .text.Timeout_SetTimeout1
                0x0000000008001718       0x24 ./Core/Src/RFM69_ext.o
                0x0000000008001718                Timeout_SetTimeout1
 .text.MX_GPIO_Init
                0x000000000800173c       0xe0 ./Core/Src/gpio.o
                0x000000000800173c                MX_GPIO_Init
 .text.main     0x000000000800181c      0x15c ./Core/Src/main.o
                0x000000000800181c                main
 .text.SystemClock_Config
                0x0000000008001978       0xa4 ./Core/Src/main.o
                0x0000000008001978                SystemClock_Config
 .text.Error_Handler
                0x0000000008001a1c        0xa ./Core/Src/main.o
                0x0000000008001a1c                Error_Handler
 *fill*         0x0000000008001a26        0x2 
 .text.MX_SPI2_Init
                0x0000000008001a28       0x7c ./Core/Src/spi.o
                0x0000000008001a28                MX_SPI2_Init
 .text.HAL_SPI_MspInit
                0x0000000008001aa4       0xc4 ./Core/Src/spi.o
                0x0000000008001aa4                HAL_SPI_MspInit
 .text.SPI_transfer8
                0x0000000008001b68       0x2c ./Core/Src/spi.o
                0x0000000008001b68                SPI_transfer8
 .text.HAL_MspInit
                0x0000000008001b94       0x48 ./Core/Src/stm32l4xx_hal_msp.o
                0x0000000008001b94                HAL_MspInit
 .text.NMI_Handler
                0x0000000008001bdc        0x6 ./Core/Src/stm32l4xx_it.o
                0x0000000008001bdc                NMI_Handler
 .text.HardFault_Handler
                0x0000000008001be2        0x6 ./Core/Src/stm32l4xx_it.o
                0x0000000008001be2                HardFault_Handler
 .text.MemManage_Handler
                0x0000000008001be8        0x6 ./Core/Src/stm32l4xx_it.o
                0x0000000008001be8                MemManage_Handler
 .text.BusFault_Handler
                0x0000000008001bee        0x6 ./Core/Src/stm32l4xx_it.o
                0x0000000008001bee                BusFault_Handler
 .text.UsageFault_Handler
                0x0000000008001bf4        0x6 ./Core/Src/stm32l4xx_it.o
                0x0000000008001bf4                UsageFault_Handler
 .text.SVC_Handler
                0x0000000008001bfa        0xe ./Core/Src/stm32l4xx_it.o
                0x0000000008001bfa                SVC_Handler
 .text.DebugMon_Handler
                0x0000000008001c08        0xe ./Core/Src/stm32l4xx_it.o
                0x0000000008001c08                DebugMon_Handler
 .text.PendSV_Handler
                0x0000000008001c16        0xe ./Core/Src/stm32l4xx_it.o
                0x0000000008001c16                PendSV_Handler
 .text.SysTick_Handler
                0x0000000008001c24        0xc ./Core/Src/stm32l4xx_it.o
                0x0000000008001c24                SysTick_Handler
 .text._sbrk    0x0000000008001c30       0x6c ./Core/Src/sysmem.o
                0x0000000008001c30                _sbrk
 .text.SystemInit
                0x0000000008001c9c       0x24 ./Core/Src/system_stm32l4xx.o
                0x0000000008001c9c                SystemInit
 .text.MX_USART2_UART_Init
                0x0000000008001cc0       0x60 ./Core/Src/usart.o
                0x0000000008001cc0                MX_USART2_UART_Init
 .text.HAL_UART_MspInit
                0x0000000008001d20       0xb8 ./Core/Src/usart.o
                0x0000000008001d20                HAL_UART_MspInit
 .text.debug_printf
                0x0000000008001dd8       0x28 ./Core/Src/usart.o
                0x0000000008001dd8                debug_printf
 .text.Reset_Handler
                0x0000000008001e00       0x50 ./Core/Startup/startup_stm32l476rgtx.o
                0x0000000008001e00                Reset_Handler
 .text.Default_Handler
                0x0000000008001e50        0x2 ./Core/Startup/startup_stm32l476rgtx.o
                0x0000000008001e50                RTC_Alarm_IRQHandler
                0x0000000008001e50                EXTI2_IRQHandler
                0x0000000008001e50                TIM8_TRG_COM_IRQHandler
                0x0000000008001e50                TIM8_CC_IRQHandler
                0x0000000008001e50                TIM1_CC_IRQHandler
                0x0000000008001e50                TSC_IRQHandler
                0x0000000008001e50                TAMP_STAMP_IRQHandler
                0x0000000008001e50                EXTI3_IRQHandler
                0x0000000008001e50                LPTIM2_IRQHandler
                0x0000000008001e50                DFSDM1_FLT1_IRQHandler
                0x0000000008001e50                I2C3_ER_IRQHandler
                0x0000000008001e50                DFSDM1_FLT2_IRQHandler
                0x0000000008001e50                EXTI0_IRQHandler
                0x0000000008001e50                I2C2_EV_IRQHandler
                0x0000000008001e50                CAN1_RX0_IRQHandler
                0x0000000008001e50                FPU_IRQHandler
                0x0000000008001e50                TIM1_UP_TIM16_IRQHandler
                0x0000000008001e50                ADC1_2_IRQHandler
                0x0000000008001e50                SPI1_IRQHandler
                0x0000000008001e50                TIM6_DAC_IRQHandler
                0x0000000008001e50                TIM8_UP_IRQHandler
                0x0000000008001e50                DMA2_Channel2_IRQHandler
                0x0000000008001e50                DMA1_Channel4_IRQHandler
                0x0000000008001e50                SAI2_IRQHandler
                0x0000000008001e50                DFSDM1_FLT3_IRQHandler
                0x0000000008001e50                USART3_IRQHandler
                0x0000000008001e50                DMA1_Channel7_IRQHandler
                0x0000000008001e50                CAN1_RX1_IRQHandler
                0x0000000008001e50                LCD_IRQHandler
                0x0000000008001e50                UART5_IRQHandler
                0x0000000008001e50                ADC3_IRQHandler
                0x0000000008001e50                TIM4_IRQHandler
                0x0000000008001e50                DMA2_Channel1_IRQHandler
                0x0000000008001e50                QUADSPI_IRQHandler
                0x0000000008001e50                I2C1_EV_IRQHandler
                0x0000000008001e50                DMA1_Channel6_IRQHandler
                0x0000000008001e50                UART4_IRQHandler
                0x0000000008001e50                DMA2_Channel4_IRQHandler
                0x0000000008001e50                TIM3_IRQHandler
                0x0000000008001e50                RCC_IRQHandler
                0x0000000008001e50                DMA1_Channel1_IRQHandler
                0x0000000008001e50                Default_Handler
                0x0000000008001e50                DMA2_Channel7_IRQHandler
                0x0000000008001e50                EXTI15_10_IRQHandler
                0x0000000008001e50                TIM7_IRQHandler
                0x0000000008001e50                SDMMC1_IRQHandler
                0x0000000008001e50                TIM5_IRQHandler
                0x0000000008001e50                I2C3_EV_IRQHandler
                0x0000000008001e50                EXTI9_5_IRQHandler
                0x0000000008001e50                RTC_WKUP_IRQHandler
                0x0000000008001e50                PVD_PVM_IRQHandler
                0x0000000008001e50                SPI2_IRQHandler
                0x0000000008001e50                CAN1_TX_IRQHandler
                0x0000000008001e50                DMA2_Channel5_IRQHandler
                0x0000000008001e50                DMA1_Channel5_IRQHandler
                0x0000000008001e50                EXTI4_IRQHandler
                0x0000000008001e50                RNG_IRQHandler
                0x0000000008001e50                TIM1_TRG_COM_TIM17_IRQHandler
                0x0000000008001e50                DMA1_Channel3_IRQHandler
                0x0000000008001e50                COMP_IRQHandler
                0x0000000008001e50                WWDG_IRQHandler
                0x0000000008001e50                LPUART1_IRQHandler
                0x0000000008001e50                DMA2_Channel6_IRQHandler
                0x0000000008001e50                TIM2_IRQHandler
                0x0000000008001e50                EXTI1_IRQHandler
                0x0000000008001e50                USART2_IRQHandler
                0x0000000008001e50                DFSDM1_FLT0_IRQHandler
                0x0000000008001e50                I2C2_ER_IRQHandler
                0x0000000008001e50                DMA1_Channel2_IRQHandler
                0x0000000008001e50                TIM8_BRK_IRQHandler
                0x0000000008001e50                CAN1_SCE_IRQHandler
                0x0000000008001e50                FLASH_IRQHandler
                0x0000000008001e50                USART1_IRQHandler
                0x0000000008001e50                OTG_FS_IRQHandler
                0x0000000008001e50                SPI3_IRQHandler
                0x0000000008001e50                I2C1_ER_IRQHandler
                0x0000000008001e50                FMC_IRQHandler
                0x0000000008001e50                SWPMI1_IRQHandler
                0x0000000008001e50                LPTIM1_IRQHandler
                0x0000000008001e50                SAI1_IRQHandler
                0x0000000008001e50                DMA2_Channel3_IRQHandler
                0x0000000008001e50                TIM1_BRK_TIM15_IRQHandler
 *fill*         0x0000000008001e52        0x2 
 .text.HAL_Init
                0x0000000008001e54       0x40 ./Drivers/STM32L4xx_HAL_Driver/Src/stm32l4xx_hal.o
                0x0000000008001e54                HAL_Init
 .text.HAL_InitTick
                0x0000000008001e94       0x78 ./Drivers/STM32L4xx_HAL_Driver/Src/stm32l4xx_hal.o
                0x0000000008001e94                HAL_InitTick
 .text.HAL_IncTick
                0x0000000008001f0c       0x28 ./Drivers/STM32L4xx_HAL_Driver/Src/stm32l4xx_hal.o
                0x0000000008001f0c                HAL_IncTick
 .text.HAL_GetTick
                0x0000000008001f34       0x18 ./Drivers/STM32L4xx_HAL_Driver/Src/stm32l4xx_hal.o
                0x0000000008001f34                HAL_GetTick
 .text.HAL_Delay
                0x0000000008001f4c       0x48 ./Drivers/STM32L4xx_HAL_Driver/Src/stm32l4xx_hal.o
                0x0000000008001f4c                HAL_Delay
 .text.__NVIC_SetPriorityGrouping
                0x0000000008001f94       0x48 ./Drivers/STM32L4xx_HAL_Driver/Src/stm32l4xx_hal_cortex.o
 .text.__NVIC_GetPriorityGrouping
                0x0000000008001fdc       0x1c ./Drivers/STM32L4xx_HAL_Driver/Src/stm32l4xx_hal_cortex.o
 .text.__NVIC_SetPriority
                0x0000000008001ff8       0x54 ./Drivers/STM32L4xx_HAL_Driver/Src/stm32l4xx_hal_cortex.o
 .text.NVIC_EncodePriority
                0x000000000800204c       0x66 ./Drivers/STM32L4xx_HAL_Driver/Src/stm32l4xx_hal_cortex.o
 *fill*         0x00000000080020b2        0x2 
 .text.SysTick_Config
                0x00000000080020b4       0x44 ./Drivers/STM32L4xx_HAL_Driver/Src/stm32l4xx_hal_cortex.o
 .text.HAL_NVIC_SetPriorityGrouping
                0x00000000080020f8       0x16 ./Drivers/STM32L4xx_HAL_Driver/Src/stm32l4xx_hal_cortex.o
                0x00000000080020f8                HAL_NVIC_SetPriorityGrouping
 .text.HAL_NVIC_SetPriority
                0x000000000800210e       0x38 ./Drivers/STM32L4xx_HAL_Driver/Src/stm32l4xx_hal_cortex.o
                0x000000000800210e                HAL_NVIC_SetPriority
 .text.HAL_SYSTICK_Config
                0x0000000008002146       0x18 ./Drivers/STM32L4xx_HAL_Driver/Src/stm32l4xx_hal_cortex.o
                0x0000000008002146                HAL_SYSTICK_Config
 *fill*         0x000000000800215e        0x2 
 .text.HAL_GPIO_Init
                0x0000000008002160      0x354 ./Drivers/STM32L4xx_HAL_Driver/Src/stm32l4xx_hal_gpio.o
                0x0000000008002160                HAL_GPIO_Init
 .text.HAL_GPIO_ReadPin
                0x00000000080024b4       0x30 ./Drivers/STM32L4xx_HAL_Driver/Src/stm32l4xx_hal_gpio.o
                0x00000000080024b4                HAL_GPIO_ReadPin
 .text.HAL_GPIO_WritePin
                0x00000000080024e4       0x30 ./Drivers/STM32L4xx_HAL_Driver/Src/stm32l4xx_hal_gpio.o
                0x00000000080024e4                HAL_GPIO_WritePin
 .text.HAL_PWREx_GetVoltageRange
                0x0000000008002514       0x1c ./Drivers/STM32L4xx_HAL_Driver/Src/stm32l4xx_hal_pwr_ex.o
                0x0000000008002514                HAL_PWREx_GetVoltageRange
 .text.HAL_PWREx_ControlVoltageScaling
                0x0000000008002530       0xac ./Drivers/STM32L4xx_HAL_Driver/Src/stm32l4xx_hal_pwr_ex.o
                0x0000000008002530                HAL_PWREx_ControlVoltageScaling
 .text.HAL_RCC_OscConfig
                0x00000000080025dc      0x7b8 ./Drivers/STM32L4xx_HAL_Driver/Src/stm32l4xx_hal_rcc.o
                0x00000000080025dc                HAL_RCC_OscConfig
 .text.HAL_RCC_ClockConfig
                0x0000000008002d94      0x200 ./Drivers/STM32L4xx_HAL_Driver/Src/stm32l4xx_hal_rcc.o
                0x0000000008002d94                HAL_RCC_ClockConfig
 .text.HAL_RCC_GetSysClockFreq
                0x0000000008002f94      0x118 ./Drivers/STM32L4xx_HAL_Driver/Src/stm32l4xx_hal_rcc.o
                0x0000000008002f94                HAL_RCC_GetSysClockFreq
 .text.HAL_RCC_GetHCLKFreq
                0x00000000080030ac       0x18 ./Drivers/STM32L4xx_HAL_Driver/Src/stm32l4xx_hal_rcc.o
                0x00000000080030ac                HAL_RCC_GetHCLKFreq
 .text.HAL_RCC_GetPCLK1Freq
                0x00000000080030c4       0x2c ./Drivers/STM32L4xx_HAL_Driver/Src/stm32l4xx_hal_rcc.o
                0x00000000080030c4                HAL_RCC_GetPCLK1Freq
 .text.HAL_RCC_GetPCLK2Freq
                0x00000000080030f0       0x2c ./Drivers/STM32L4xx_HAL_Driver/Src/stm32l4xx_hal_rcc.o
                0x00000000080030f0                HAL_RCC_GetPCLK2Freq
 .text.RCC_SetFlashLatencyFromMSIRange
                0x000000000800311c       0xc0 ./Drivers/STM32L4xx_HAL_Driver/Src/stm32l4xx_hal_rcc.o
 .text.HAL_RCCEx_PeriphCLKConfig
                0x00000000080031dc      0x5d4 ./Drivers/STM32L4xx_HAL_Driver/Src/stm32l4xx_hal_rcc_ex.o
                0x00000000080031dc                HAL_RCCEx_PeriphCLKConfig
 .text.RCCEx_PLLSAI1_Config
                0x00000000080037b0      0x1e8 ./Drivers/STM32L4xx_HAL_Driver/Src/stm32l4xx_hal_rcc_ex.o
 .text.RCCEx_PLLSAI2_Config
                0x0000000008003998      0x1bc ./Drivers/STM32L4xx_HAL_Driver/Src/stm32l4xx_hal_rcc_ex.o
 .text.HAL_SPI_Init
                0x0000000008003b54      0x146 ./Drivers/STM32L4xx_HAL_Driver/Src/stm32l4xx_hal_spi.o
                0x0000000008003b54                HAL_SPI_Init
 .text.HAL_SPI_TransmitReceive
                0x0000000008003c9a      0x426 ./Drivers/STM32L4xx_HAL_Driver/Src/stm32l4xx_hal_spi.o
                0x0000000008003c9a                HAL_SPI_TransmitReceive
 .text.SPI_WaitFlagStateUntilTimeout
                0x00000000080040c0      0x110 ./Drivers/STM32L4xx_HAL_Driver/Src/stm32l4xx_hal_spi.o
 .text.SPI_WaitFifoStateUntilTimeout
                0x00000000080041d0      0x12c ./Drivers/STM32L4xx_HAL_Driver/Src/stm32l4xx_hal_spi.o
 .text.SPI_EndRxTxTransaction
                0x00000000080042fc       0x8c ./Drivers/STM32L4xx_HAL_Driver/Src/stm32l4xx_hal_spi.o
 .text.HAL_UART_Init
                0x0000000008004388       0x9c ./Drivers/STM32L4xx_HAL_Driver/Src/stm32l4xx_hal_uart.o
                0x0000000008004388                HAL_UART_Init
 .text.HAL_UART_Transmit
                0x0000000008004424      0x128 ./Drivers/STM32L4xx_HAL_Driver/Src/stm32l4xx_hal_uart.o
                0x0000000008004424                HAL_UART_Transmit
 .text.UART_SetConfig
                0x000000000800454c      0x570 ./Drivers/STM32L4xx_HAL_Driver/Src/stm32l4xx_hal_uart.o
                0x000000000800454c                UART_SetConfig
 .text.UART_AdvFeatureConfig
                0x0000000008004abc      0x144 ./Drivers/STM32L4xx_HAL_Driver/Src/stm32l4xx_hal_uart.o
                0x0000000008004abc                UART_AdvFeatureConfig
 .text.UART_CheckIdleState
                0x0000000008004c00       0x92 ./Drivers/STM32L4xx_HAL_Driver/Src/stm32l4xx_hal_uart.o
                0x0000000008004c00                UART_CheckIdleState
 .text.UART_WaitOnFlagUntilTimeout
                0x0000000008004c92      0x188 ./Drivers/STM32L4xx_HAL_Driver/Src/stm32l4xx_hal_uart.o
                0x0000000008004c92                UART_WaitOnFlagUntilTimeout
 *fill*         0x0000000008004e1a        0x2 
 .text.__errno  0x0000000008004e1c        0xc c:/st/stm32cubeide_1.10.1/stm32cubeide/plugins/com.st.stm32cube.ide.mcu.externaltools.gnu-tools-for-stm32.10.3-2021.10.win32_1.0.0.202111181127/tools/bin/../lib/gcc/arm-none-eabi/10.3.1/../../../../arm-none-eabi/lib/thumb/v7e-m+fp/hard\libc_nano.a(lib_a-errno.o)
                0x0000000008004e1c                __errno
 .text.__libc_init_array
                0x0000000008004e28       0x48 c:/st/stm32cubeide_1.10.1/stm32cubeide/plugins/com.st.stm32cube.ide.mcu.externaltools.gnu-tools-for-stm32.10.3-2021.10.win32_1.0.0.202111181127/tools/bin/../lib/gcc/arm-none-eabi/10.3.1/../../../../arm-none-eabi/lib/thumb/v7e-m+fp/hard\libc_nano.a(lib_a-init.o)
                0x0000000008004e28                __libc_init_array
 .text.memset   0x0000000008004e70       0x10 c:/st/stm32cubeide_1.10.1/stm32cubeide/plugins/com.st.stm32cube.ide.mcu.externaltools.gnu-tools-for-stm32.10.3-2021.10.win32_1.0.0.202111181127/tools/bin/../lib/gcc/arm-none-eabi/10.3.1/../../../../arm-none-eabi/lib/thumb/v7e-m+fp/hard\libc_nano.a(lib_a-memset.o)
                0x0000000008004e70                memset
 .text.sprintf  0x0000000008004e80       0x40 c:/st/stm32cubeide_1.10.1/stm32cubeide/plugins/com.st.stm32cube.ide.mcu.externaltools.gnu-tools-for-stm32.10.3-2021.10.win32_1.0.0.202111181127/tools/bin/../lib/gcc/arm-none-eabi/10.3.1/../../../../arm-none-eabi/lib/thumb/v7e-m+fp/hard\libc_nano.a(lib_a-sprintf.o)
                0x0000000008004e80                siprintf
                0x0000000008004e80                sprintf
 .text.__ssputs_r
                0x0000000008004ec0       0xb6 c:/st/stm32cubeide_1.10.1/stm32cubeide/plugins/com.st.stm32cube.ide.mcu.externaltools.gnu-tools-for-stm32.10.3-2021.10.win32_1.0.0.202111181127/tools/bin/../lib/gcc/arm-none-eabi/10.3.1/../../../../arm-none-eabi/lib/thumb/v7e-m+fp/hard\libc_nano.a(lib_a-nano-svfprintf.o)
                0x0000000008004ec0                __ssputs_r
 *fill*         0x0000000008004f76        0x2 
 .text._svfprintf_r
                0x0000000008004f78      0x200 c:/st/stm32cubeide_1.10.1/stm32cubeide/plugins/com.st.stm32cube.ide.mcu.externaltools.gnu-tools-for-stm32.10.3-2021.10.win32_1.0.0.202111181127/tools/bin/../lib/gcc/arm-none-eabi/10.3.1/../../../../arm-none-eabi/lib/thumb/v7e-m+fp/hard\libc_nano.a(lib_a-nano-svfprintf.o)
                0x0000000008004f78                _svfiprintf_r
                0x0000000008004f78                _svfprintf_r
 .text._printf_common
                0x0000000008005178       0xda c:/st/stm32cubeide_1.10.1/stm32cubeide/plugins/com.st.stm32cube.ide.mcu.externaltools.gnu-tools-for-stm32.10.3-2021.10.win32_1.0.0.202111181127/tools/bin/../lib/gcc/arm-none-eabi/10.3.1/../../../../arm-none-eabi/lib/thumb/v7e-m+fp/hard\libc_nano.a(lib_a-nano-vfprintf_i.o)
                0x0000000008005178                _printf_common
 *fill*         0x0000000008005252        0x2 
 .text._printf_i
                0x0000000008005254      0x24c c:/st/stm32cubeide_1.10.1/stm32cubeide/plugins/com.st.stm32cube.ide.mcu.externaltools.gnu-tools-for-stm32.10.3-2021.10.win32_1.0.0.202111181127/tools/bin/../lib/gcc/arm-none-eabi/10.3.1/../../../../arm-none-eabi/lib/thumb/v7e-m+fp/hard\libc_nano.a(lib_a-nano-vfprintf_i.o)
                0x0000000008005254                _printf_i
 .text.memcpy   0x00000000080054a0       0x1c c:/st/stm32cubeide_1.10.1/stm32cubeide/plugins/com.st.stm32cube.ide.mcu.externaltools.gnu-tools-for-stm32.10.3-2021.10.win32_1.0.0.202111181127/tools/bin/../lib/gcc/arm-none-eabi/10.3.1/../../../../arm-none-eabi/lib/thumb/v7e-m+fp/hard\libc_nano.a(lib_a-memcpy-stub.o)
                0x00000000080054a0                memcpy
 .text.memmove  0x00000000080054bc       0x34 c:/st/stm32cubeide_1.10.1/stm32cubeide/plugins/com.st.stm32cube.ide.mcu.externaltools.gnu-tools-for-stm32.10.3-2021.10.win32_1.0.0.202111181127/tools/bin/../lib/gcc/arm-none-eabi/10.3.1/../../../../arm-none-eabi/lib/thumb/v7e-m+fp/hard\libc_nano.a(lib_a-memmove.o)
                0x00000000080054bc                memmove
 .text._free_r  0x00000000080054f0       0x98 c:/st/stm32cubeide_1.10.1/stm32cubeide/plugins/com.st.stm32cube.ide.mcu.externaltools.gnu-tools-for-stm32.10.3-2021.10.win32_1.0.0.202111181127/tools/bin/../lib/gcc/arm-none-eabi/10.3.1/../../../../arm-none-eabi/lib/thumb/v7e-m+fp/hard\libc_nano.a(lib_a-nano-freer.o)
                0x00000000080054f0                _free_r
 .text.sbrk_aligned
                0x0000000008005588       0x40 c:/st/stm32cubeide_1.10.1/stm32cubeide/plugins/com.st.stm32cube.ide.mcu.externaltools.gnu-tools-for-stm32.10.3-2021.10.win32_1.0.0.202111181127/tools/bin/../lib/gcc/arm-none-eabi/10.3.1/../../../../arm-none-eabi/lib/thumb/v7e-m+fp/hard\libc_nano.a(lib_a-nano-mallocr.o)
 .text._malloc_r
                0x00000000080055c8       0xe8 c:/st/stm32cubeide_1.10.1/stm32cubeide/plugins/com.st.stm32cube.ide.mcu.externaltools.gnu-tools-for-stm32.10.3-2021.10.win32_1.0.0.202111181127/tools/bin/../lib/gcc/arm-none-eabi/10.3.1/../../../../arm-none-eabi/lib/thumb/v7e-m+fp/hard\libc_nano.a(lib_a-nano-mallocr.o)
                0x00000000080055c8                _malloc_r
 .text._realloc_r
                0x00000000080056b0       0x5e c:/st/stm32cubeide_1.10.1/stm32cubeide/plugins/com.st.stm32cube.ide.mcu.externaltools.gnu-tools-for-stm32.10.3-2021.10.win32_1.0.0.202111181127/tools/bin/../lib/gcc/arm-none-eabi/10.3.1/../../../../arm-none-eabi/lib/thumb/v7e-m+fp/hard\libc_nano.a(lib_a-nano-reallocr.o)
                0x00000000080056b0                _realloc_r
 *fill*         0x000000000800570e        0x2 
 .text._sbrk_r  0x0000000008005710       0x20 c:/st/stm32cubeide_1.10.1/stm32cubeide/plugins/com.st.stm32cube.ide.mcu.externaltools.gnu-tools-for-stm32.10.3-2021.10.win32_1.0.0.202111181127/tools/bin/../lib/gcc/arm-none-eabi/10.3.1/../../../../arm-none-eabi/lib/thumb/v7e-m+fp/hard\libc_nano.a(lib_a-sbrkr.o)
                0x0000000008005710                _sbrk_r
 .text.__malloc_lock
                0x0000000008005730        0xc c:/st/stm32cubeide_1.10.1/stm32cubeide/plugins/com.st.stm32cube.ide.mcu.externaltools.gnu-tools-for-stm32.10.3-2021.10.win32_1.0.0.202111181127/tools/bin/../lib/gcc/arm-none-eabi/10.3.1/../../../../arm-none-eabi/lib/thumb/v7e-m+fp/hard\libc_nano.a(lib_a-mlock.o)
                0x0000000008005730                __malloc_lock
 .text.__malloc_unlock
                0x000000000800573c        0xc c:/st/stm32cubeide_1.10.1/stm32cubeide/plugins/com.st.stm32cube.ide.mcu.externaltools.gnu-tools-for-stm32.10.3-2021.10.win32_1.0.0.202111181127/tools/bin/../lib/gcc/arm-none-eabi/10.3.1/../../../../arm-none-eabi/lib/thumb/v7e-m+fp/hard\libc_nano.a(lib_a-mlock.o)
                0x000000000800573c                __malloc_unlock
 .text._malloc_usable_size_r
                0x0000000008005748       0x10 c:/st/stm32cubeide_1.10.1/stm32cubeide/plugins/com.st.stm32cube.ide.mcu.externaltools.gnu-tools-for-stm32.10.3-2021.10.win32_1.0.0.202111181127/tools/bin/../lib/gcc/arm-none-eabi/10.3.1/../../../../arm-none-eabi/lib/thumb/v7e-m+fp/hard\libc_nano.a(lib_a-nano-msizer.o)
                0x0000000008005748                _malloc_usable_size_r
 .text.__retarget_lock_acquire_recursive
                0x0000000008005758        0x2 c:/st/stm32cubeide_1.10.1/stm32cubeide/plugins/com.st.stm32cube.ide.mcu.externaltools.gnu-tools-for-stm32.10.3-2021.10.win32_1.0.0.202111181127/tools/bin/../lib/gcc/arm-none-eabi/10.3.1/../../../../arm-none-eabi/lib/thumb/v7e-m+fp/hard\libc_nano.a(lib_a-lock.o)
                0x0000000008005758                __retarget_lock_acquire_recursive
 .text.__retarget_lock_release_recursive
                0x000000000800575a        0x2 c:/st/stm32cubeide_1.10.1/stm32cubeide/plugins/com.st.stm32cube.ide.mcu.externaltools.gnu-tools-for-stm32.10.3-2021.10.win32_1.0.0.202111181127/tools/bin/../lib/gcc/arm-none-eabi/10.3.1/../../../../arm-none-eabi/lib/thumb/v7e-m+fp/hard\libc_nano.a(lib_a-lock.o)
                0x000000000800575a                __retarget_lock_release_recursive
 *(.glue_7)
 .glue_7        0x000000000800575c        0x0 linker stubs
 *(.glue_7t)
 .glue_7t       0x000000000800575c        0x0 linker stubs
 *(.eh_frame)
 .eh_frame      0x000000000800575c        0x0 c:/st/stm32cubeide_1.10.1/stm32cubeide/plugins/com.st.stm32cube.ide.mcu.externaltools.gnu-tools-for-stm32.10.3-2021.10.win32_1.0.0.202111181127/tools/bin/../lib/gcc/arm-none-eabi/10.3.1/thumb/v7e-m+fp/hard/crtbegin.o
 *(.init)
 .init          0x000000000800575c        0x4 c:/st/stm32cubeide_1.10.1/stm32cubeide/plugins/com.st.stm32cube.ide.mcu.externaltools.gnu-tools-for-stm32.10.3-2021.10.win32_1.0.0.202111181127/tools/bin/../lib/gcc/arm-none-eabi/10.3.1/thumb/v7e-m+fp/hard/crti.o
                0x000000000800575c                _init
 .init          0x0000000008005760        0x8 c:/st/stm32cubeide_1.10.1/stm32cubeide/plugins/com.st.stm32cube.ide.mcu.externaltools.gnu-tools-for-stm32.10.3-2021.10.win32_1.0.0.202111181127/tools/bin/../lib/gcc/arm-none-eabi/10.3.1/thumb/v7e-m+fp/hard/crtn.o
 *(.fini)
 .fini          0x0000000008005768        0x4 c:/st/stm32cubeide_1.10.1/stm32cubeide/plugins/com.st.stm32cube.ide.mcu.externaltools.gnu-tools-for-stm32.10.3-2021.10.win32_1.0.0.202111181127/tools/bin/../lib/gcc/arm-none-eabi/10.3.1/thumb/v7e-m+fp/hard/crti.o
                0x0000000008005768                _fini
 .fini          0x000000000800576c        0x8 c:/st/stm32cubeide_1.10.1/stm32cubeide/plugins/com.st.stm32cube.ide.mcu.externaltools.gnu-tools-for-stm32.10.3-2021.10.win32_1.0.0.202111181127/tools/bin/../lib/gcc/arm-none-eabi/10.3.1/thumb/v7e-m+fp/hard/crtn.o
                0x0000000008005774                . = ALIGN (0x4)
                0x0000000008005774                _etext = .

.vfp11_veneer   0x0000000008005774        0x0
 .vfp11_veneer  0x0000000008005774        0x0 linker stubs

.v4_bx          0x0000000008005774        0x0
 .v4_bx         0x0000000008005774        0x0 linker stubs

.iplt           0x0000000008005774        0x0
 .iplt          0x0000000008005774        0x0 c:/st/stm32cubeide_1.10.1/stm32cubeide/plugins/com.st.stm32cube.ide.mcu.externaltools.gnu-tools-for-stm32.10.3-2021.10.win32_1.0.0.202111181127/tools/bin/../lib/gcc/arm-none-eabi/10.3.1/thumb/v7e-m+fp/hard/crtbegin.o

.rodata         0x0000000008005774      0xc98
                0x0000000008005774                . = ALIGN (0x4)
 *(.rodata)
 .rodata        0x0000000008005774      0xb83 ./Core/Src/RFM69.o
 *fill*         0x00000000080062f7        0x1 
 .rodata        0x00000000080062f8        0xc ./Core/Src/RFM69_ext.o
 .rodata        0x0000000008006304       0x8c ./Core/Src/main.o
 *(.rodata*)
 .rodata.AHBPrescTable
                0x0000000008006390       0x10 ./Core/Src/system_stm32l4xx.o
                0x0000000008006390                AHBPrescTable
 .rodata.APBPrescTable
                0x00000000080063a0        0x8 ./Core/Src/system_stm32l4xx.o
                0x00000000080063a0                APBPrescTable
 .rodata.MSIRangeTable
                0x00000000080063a8       0x30 ./Core/Src/system_stm32l4xx.o
                0x00000000080063a8                MSIRangeTable
 .rodata._svfprintf_r.str1.1
                0x00000000080063d8       0x11 c:/st/stm32cubeide_1.10.1/stm32cubeide/plugins/com.st.stm32cube.ide.mcu.externaltools.gnu-tools-for-stm32.10.3-2021.10.win32_1.0.0.202111181127/tools/bin/../lib/gcc/arm-none-eabi/10.3.1/../../../../arm-none-eabi/lib/thumb/v7e-m+fp/hard\libc_nano.a(lib_a-nano-svfprintf.o)
 .rodata._printf_i.str1.1
                0x00000000080063e9       0x22 c:/st/stm32cubeide_1.10.1/stm32cubeide/plugins/com.st.stm32cube.ide.mcu.externaltools.gnu-tools-for-stm32.10.3-2021.10.win32_1.0.0.202111181127/tools/bin/../lib/gcc/arm-none-eabi/10.3.1/../../../../arm-none-eabi/lib/thumb/v7e-m+fp/hard\libc_nano.a(lib_a-nano-vfprintf_i.o)
                0x000000000800640c                . = ALIGN (0x4)
 *fill*         0x000000000800640b        0x1 

.ARM.extab      0x000000000800640c        0x0
                0x000000000800640c                . = ALIGN (0x4)
 *(.ARM.extab* .gnu.linkonce.armextab.*)
                0x000000000800640c                . = ALIGN (0x4)

.ARM            0x000000000800640c        0x8
                0x000000000800640c                . = ALIGN (0x4)
                0x000000000800640c                __exidx_start = .
 *(.ARM.exidx*)
 .ARM.exidx     0x000000000800640c        0x8 c:/st/stm32cubeide_1.10.1/stm32cubeide/plugins/com.st.stm32cube.ide.mcu.externaltools.gnu-tools-for-stm32.10.3-2021.10.win32_1.0.0.202111181127/tools/bin/../lib/gcc/arm-none-eabi/10.3.1/thumb/v7e-m+fp/hard\libgcc.a(_udivmoddi4.o)
                0x0000000008006414                __exidx_end = .
                0x0000000008006414                . = ALIGN (0x4)

.rel.dyn        0x0000000008006414        0x0
 .rel.iplt      0x0000000008006414        0x0 c:/st/stm32cubeide_1.10.1/stm32cubeide/plugins/com.st.stm32cube.ide.mcu.externaltools.gnu-tools-for-stm32.10.3-2021.10.win32_1.0.0.202111181127/tools/bin/../lib/gcc/arm-none-eabi/10.3.1/thumb/v7e-m+fp/hard/crtbegin.o

.preinit_array  0x0000000008006414        0x0
                0x0000000008006414                . = ALIGN (0x4)
                0x0000000008006414                PROVIDE (__preinit_array_start = .)
 *(.preinit_array*)
                0x0000000008006414                PROVIDE (__preinit_array_end = .)
                0x0000000008006414                . = ALIGN (0x4)

.init_array     0x0000000008006414        0x4
                0x0000000008006414                . = ALIGN (0x4)
                0x0000000008006414                PROVIDE (__init_array_start = .)
 *(SORT_BY_NAME(.init_array.*))
 *(.init_array*)
 .init_array    0x0000000008006414        0x4 c:/st/stm32cubeide_1.10.1/stm32cubeide/plugins/com.st.stm32cube.ide.mcu.externaltools.gnu-tools-for-stm32.10.3-2021.10.win32_1.0.0.202111181127/tools/bin/../lib/gcc/arm-none-eabi/10.3.1/thumb/v7e-m+fp/hard/crtbegin.o
                0x0000000008006418                PROVIDE (__init_array_end = .)
                0x0000000008006418                . = ALIGN (0x4)

.fini_array     0x0000000008006418        0x4
                0x0000000008006418                . = ALIGN (0x4)
                [!provide]                        PROVIDE (__fini_array_start = .)
 *(SORT_BY_NAME(.fini_array.*))
 *(.fini_array*)
 .fini_array    0x0000000008006418        0x4 c:/st/stm32cubeide_1.10.1/stm32cubeide/plugins/com.st.stm32cube.ide.mcu.externaltools.gnu-tools-for-stm32.10.3-2021.10.win32_1.0.0.202111181127/tools/bin/../lib/gcc/arm-none-eabi/10.3.1/thumb/v7e-m+fp/hard/crtbegin.o
                [!provide]                        PROVIDE (__fini_array_end = .)
                0x000000000800641c                . = ALIGN (0x4)
                0x000000000800641c                _sidata = LOADADDR (.data)

.data           0x0000000020000000       0x7c load address 0x000000000800641c
                0x0000000020000000                . = ALIGN (0x4)
                0x0000000020000000                _sdata = .
 *(.data)
 *(.data*)
 .data._mode    0x0000000020000000        0x1 ./Core/Src/RFM69.o
                0x0000000020000000                _mode
 *fill*         0x0000000020000001        0x1 
 .data.networkID
                0x0000000020000002        0x2 ./Core/Src/main.o
                0x0000000020000002                networkID
 .data.nodeID   0x0000000020000004        0x1 ./Core/Src/main.o
                0x0000000020000004                nodeID
 *fill*         0x0000000020000005        0x1 
 .data.freqBand
                0x0000000020000006        0x2 ./Core/Src/main.o
                0x0000000020000006                freqBand
 .data.toAddress
                0x0000000020000008        0x1 ./Core/Src/main.o
                0x0000000020000008                toAddress
 *fill*         0x0000000020000009        0x3 
 .data.SystemCoreClock
                0x000000002000000c        0x4 ./Core/Src/system_stm32l4xx.o
                0x000000002000000c                SystemCoreClock
 .data.uwTickPrio
                0x0000000020000010        0x4 ./Drivers/STM32L4xx_HAL_Driver/Src/stm32l4xx_hal.o
                0x0000000020000010                uwTickPrio
 .data.uwTickFreq
                0x0000000020000014        0x1 ./Drivers/STM32L4xx_HAL_Driver/Src/stm32l4xx_hal.o
                0x0000000020000014                uwTickFreq
 *fill*         0x0000000020000015        0x3 
 .data._impure_ptr
                0x0000000020000018        0x4 c:/st/stm32cubeide_1.10.1/stm32cubeide/plugins/com.st.stm32cube.ide.mcu.externaltools.gnu-tools-for-stm32.10.3-2021.10.win32_1.0.0.202111181127/tools/bin/../lib/gcc/arm-none-eabi/10.3.1/../../../../arm-none-eabi/lib/thumb/v7e-m+fp/hard\libc_nano.a(lib_a-impure.o)
                0x0000000020000018                _impure_ptr
 .data.impure_data
                0x000000002000001c       0x60 c:/st/stm32cubeide_1.10.1/stm32cubeide/plugins/com.st.stm32cube.ide.mcu.externaltools.gnu-tools-for-stm32.10.3-2021.10.win32_1.0.0.202111181127/tools/bin/../lib/gcc/arm-none-eabi/10.3.1/../../../../arm-none-eabi/lib/thumb/v7e-m+fp/hard\libc_nano.a(lib_a-impure.o)
 *(.RamFunc)
 *(.RamFunc*)
                0x000000002000007c                . = ALIGN (0x4)
                0x000000002000007c                _edata = .

.igot.plt       0x000000002000007c        0x0 load address 0x0000000008006498
 .igot.plt      0x000000002000007c        0x0 c:/st/stm32cubeide_1.10.1/stm32cubeide/plugins/com.st.stm32cube.ide.mcu.externaltools.gnu-tools-for-stm32.10.3-2021.10.win32_1.0.0.202111181127/tools/bin/../lib/gcc/arm-none-eabi/10.3.1/thumb/v7e-m+fp/hard/crtbegin.o
                0x000000002000007c                . = ALIGN (0x4)

.bss            0x000000002000007c      0x210 load address 0x0000000008006498
                0x000000002000007c                _sbss = .
                0x000000002000007c                __bss_start__ = _sbss
 *(.bss)
 .bss           0x000000002000007c       0x1c c:/st/stm32cubeide_1.10.1/stm32cubeide/plugins/com.st.stm32cube.ide.mcu.externaltools.gnu-tools-for-stm32.10.3-2021.10.win32_1.0.0.202111181127/tools/bin/../lib/gcc/arm-none-eabi/10.3.1/thumb/v7e-m+fp/hard/crtbegin.o
 *(.bss*)
 .bss.data      0x0000000020000098       0x3d ./Core/Src/RFM69.o
                0x0000000020000098                data
 .bss.datalen   0x00000000200000d5        0x1 ./Core/Src/RFM69.o
                0x00000000200000d5                datalen
 .bss.senderID  0x00000000200000d6        0x1 ./Core/Src/RFM69.o
                0x00000000200000d6                senderID
 .bss.targetID  0x00000000200000d7        0x1 ./Core/Src/RFM69.o
                0x00000000200000d7                targetID
 .bss.payloadLen
                0x00000000200000d8        0x1 ./Core/Src/RFM69.o
                0x00000000200000d8                payloadLen
 .bss.ACK_Requested
                0x00000000200000d9        0x1 ./Core/Src/RFM69.o
                0x00000000200000d9                ACK_Requested
 .bss.ACK_RECEIVED
                0x00000000200000da        0x1 ./Core/Src/RFM69.o
                0x00000000200000da                ACK_RECEIVED
 .bss._address  0x00000000200000db        0x1 ./Core/Src/RFM69.o
                0x00000000200000db                _address
 .bss._promiscuousMode
                0x00000000200000dc        0x1 ./Core/Src/RFM69.o
                0x00000000200000dc                _promiscuousMode
 .bss.GO_AHEAD_READ_RFM69
                0x00000000200000dd        0x1 ./Core/Src/RFM69_ext.o
                0x00000000200000dd                GO_AHEAD_READ_RFM69
 *fill*         0x00000000200000de        0x2 
 .bss.thistimeout1
                0x00000000200000e0        0x4 ./Core/Src/RFM69_ext.o
 .bss.rssi      0x00000000200000e4        0x2 ./Core/Src/main.o
                0x00000000200000e4                rssi
 *fill*         0x00000000200000e6        0x2 
 .bss.log_buffer
                0x00000000200000e8       0x96 ./Core/Src/main.o
                0x00000000200000e8                log_buffer
 *fill*         0x000000002000017e        0x2 
 .bss.theData   0x0000000020000180        0xc ./Core/Src/main.o
                0x0000000020000180                theData
 .bss.hspi2     0x000000002000018c       0x64 ./Core/Src/spi.o
                0x000000002000018c                hspi2
 .bss.__sbrk_heap_end
                0x00000000200001f0        0x4 ./Core/Src/sysmem.o
 .bss.huart2    0x00000000200001f4       0x84 ./Core/Src/usart.o
                0x00000000200001f4                huart2
 .bss.uwTick    0x0000000020000278        0x4 ./Drivers/STM32L4xx_HAL_Driver/Src/stm32l4xx_hal.o
                0x0000000020000278                uwTick
 .bss.__malloc_free_list
                0x000000002000027c        0x4 c:/st/stm32cubeide_1.10.1/stm32cubeide/plugins/com.st.stm32cube.ide.mcu.externaltools.gnu-tools-for-stm32.10.3-2021.10.win32_1.0.0.202111181127/tools/bin/../lib/gcc/arm-none-eabi/10.3.1/../../../../arm-none-eabi/lib/thumb/v7e-m+fp/hard\libc_nano.a(lib_a-nano-mallocr.o)
                0x000000002000027c                __malloc_free_list
 .bss.__malloc_sbrk_start
                0x0000000020000280        0x4 c:/st/stm32cubeide_1.10.1/stm32cubeide/plugins/com.st.stm32cube.ide.mcu.externaltools.gnu-tools-for-stm32.10.3-2021.10.win32_1.0.0.202111181127/tools/bin/../lib/gcc/arm-none-eabi/10.3.1/../../../../arm-none-eabi/lib/thumb/v7e-m+fp/hard\libc_nano.a(lib_a-nano-mallocr.o)
                0x0000000020000280                __malloc_sbrk_start
 .bss.errno     0x0000000020000284        0x4 c:/st/stm32cubeide_1.10.1/stm32cubeide/plugins/com.st.stm32cube.ide.mcu.externaltools.gnu-tools-for-stm32.10.3-2021.10.win32_1.0.0.202111181127/tools/bin/../lib/gcc/arm-none-eabi/10.3.1/../../../../arm-none-eabi/lib/thumb/v7e-m+fp/hard\libc_nano.a(lib_a-reent.o)
                0x0000000020000284                errno
 .bss.__lock___malloc_recursive_mutex
                0x0000000020000288        0x1 c:/st/stm32cubeide_1.10.1/stm32cubeide/plugins/com.st.stm32cube.ide.mcu.externaltools.gnu-tools-for-stm32.10.3-2021.10.win32_1.0.0.202111181127/tools/bin/../lib/gcc/arm-none-eabi/10.3.1/../../../../arm-none-eabi/lib/thumb/v7e-m+fp/hard\libc_nano.a(lib_a-lock.o)
                0x0000000020000288                __lock___malloc_recursive_mutex
 *(COMMON)
                0x000000002000028c                . = ALIGN (0x4)
 *fill*         0x0000000020000289        0x3 
                0x000000002000028c                _ebss = .
                0x000000002000028c                __bss_end__ = _ebss

._user_heap_stack
                0x000000002000028c      0x604 load address 0x0000000008006498
                0x0000000020000290                . = ALIGN (0x8)
 *fill*         0x000000002000028c        0x4 
                [!provide]                        PROVIDE (end = .)
                0x0000000020000290                PROVIDE (_end = .)
                0x0000000020000490                . = (. + _Min_Heap_Size)
 *fill*         0x0000000020000290      0x200 
                0x0000000020000890                . = (. + _Min_Stack_Size)
 *fill*         0x0000000020000490      0x400 
                0x0000000020000890                . = ALIGN (0x8)

/DISCARD/
 libc.a(*)
 libm.a(*)
 libgcc.a(*)

.ARM.attributes
                0x0000000000000000       0x30
 *(.ARM.attributes)
 .ARM.attributes
                0x0000000000000000       0x1e c:/st/stm32cubeide_1.10.1/stm32cubeide/plugins/com.st.stm32cube.ide.mcu.externaltools.gnu-tools-for-stm32.10.3-2021.10.win32_1.0.0.202111181127/tools/bin/../lib/gcc/arm-none-eabi/10.3.1/thumb/v7e-m+fp/hard/crti.o
 .ARM.attributes
                0x000000000000001e       0x34 c:/st/stm32cubeide_1.10.1/stm32cubeide/plugins/com.st.stm32cube.ide.mcu.externaltools.gnu-tools-for-stm32.10.3-2021.10.win32_1.0.0.202111181127/tools/bin/../lib/gcc/arm-none-eabi/10.3.1/thumb/v7e-m+fp/hard/crtbegin.o
 .ARM.attributes
                0x0000000000000052       0x34 ./Core/Src/RFM69.o
 .ARM.attributes
                0x0000000000000086       0x34 ./Core/Src/RFM69_ext.o
 .ARM.attributes
                0x00000000000000ba       0x34 ./Core/Src/gpio.o
 .ARM.attributes
                0x00000000000000ee       0x34 ./Core/Src/main.o
 .ARM.attributes
                0x0000000000000122       0x34 ./Core/Src/spi.o
 .ARM.attributes
                0x0000000000000156       0x34 ./Core/Src/stm32l4xx_hal_msp.o
 .ARM.attributes
                0x000000000000018a       0x34 ./Core/Src/stm32l4xx_it.o
 .ARM.attributes
                0x00000000000001be       0x34 ./Core/Src/sysmem.o
 .ARM.attributes
                0x00000000000001f2       0x34 ./Core/Src/system_stm32l4xx.o
 .ARM.attributes
                0x0000000000000226       0x34 ./Core/Src/usart.o
 .ARM.attributes
                0x000000000000025a       0x21 ./Core/Startup/startup_stm32l476rgtx.o
 .ARM.attributes
                0x000000000000027b       0x34 ./Drivers/STM32L4xx_HAL_Driver/Src/stm32l4xx_hal.o
 .ARM.attributes
                0x00000000000002af       0x34 ./Drivers/STM32L4xx_HAL_Driver/Src/stm32l4xx_hal_cortex.o
 .ARM.attributes
                0x00000000000002e3       0x34 ./Drivers/STM32L4xx_HAL_Driver/Src/stm32l4xx_hal_gpio.o
 .ARM.attributes
                0x0000000000000317       0x34 ./Drivers/STM32L4xx_HAL_Driver/Src/stm32l4xx_hal_pwr_ex.o
 .ARM.attributes
                0x000000000000034b       0x34 ./Drivers/STM32L4xx_HAL_Driver/Src/stm32l4xx_hal_rcc.o
 .ARM.attributes
                0x000000000000037f       0x34 ./Drivers/STM32L4xx_HAL_Driver/Src/stm32l4xx_hal_rcc_ex.o
 .ARM.attributes
                0x00000000000003b3       0x34 ./Drivers/STM32L4xx_HAL_Driver/Src/stm32l4xx_hal_spi.o
 .ARM.attributes
                0x00000000000003e7       0x34 ./Drivers/STM32L4xx_HAL_Driver/Src/stm32l4xx_hal_uart.o
 .ARM.attributes
                0x000000000000041b       0x34 c:/st/stm32cubeide_1.10.1/stm32cubeide/plugins/com.st.stm32cube.ide.mcu.externaltools.gnu-tools-for-stm32.10.3-2021.10.win32_1.0.0.202111181127/tools/bin/../lib/gcc/arm-none-eabi/10.3.1/../../../../arm-none-eabi/lib/thumb/v7e-m+fp/hard\libc_nano.a(lib_a-errno.o)
 .ARM.attributes
                0x000000000000044f       0x34 c:/st/stm32cubeide_1.10.1/stm32cubeide/plugins/com.st.stm32cube.ide.mcu.externaltools.gnu-tools-for-stm32.10.3-2021.10.win32_1.0.0.202111181127/tools/bin/../lib/gcc/arm-none-eabi/10.3.1/../../../../arm-none-eabi/lib/thumb/v7e-m+fp/hard\libc_nano.a(lib_a-impure.o)
 .ARM.attributes
                0x0000000000000483       0x34 c:/st/stm32cubeide_1.10.1/stm32cubeide/plugins/com.st.stm32cube.ide.mcu.externaltools.gnu-tools-for-stm32.10.3-2021.10.win32_1.0.0.202111181127/tools/bin/../lib/gcc/arm-none-eabi/10.3.1/../../../../arm-none-eabi/lib/thumb/v7e-m+fp/hard\libc_nano.a(lib_a-init.o)
 .ARM.attributes
                0x00000000000004b7       0x34 c:/st/stm32cubeide_1.10.1/stm32cubeide/plugins/com.st.stm32cube.ide.mcu.externaltools.gnu-tools-for-stm32.10.3-2021.10.win32_1.0.0.202111181127/tools/bin/../lib/gcc/arm-none-eabi/10.3.1/../../../../arm-none-eabi/lib/thumb/v7e-m+fp/hard\libc_nano.a(lib_a-memset.o)
 .ARM.attributes
                0x00000000000004eb       0x34 c:/st/stm32cubeide_1.10.1/stm32cubeide/plugins/com.st.stm32cube.ide.mcu.externaltools.gnu-tools-for-stm32.10.3-2021.10.win32_1.0.0.202111181127/tools/bin/../lib/gcc/arm-none-eabi/10.3.1/../../../../arm-none-eabi/lib/thumb/v7e-m+fp/hard\libc_nano.a(lib_a-sprintf.o)
 .ARM.attributes
                0x000000000000051f       0x17 c:/st/stm32cubeide_1.10.1/stm32cubeide/plugins/com.st.stm32cube.ide.mcu.externaltools.gnu-tools-for-stm32.10.3-2021.10.win32_1.0.0.202111181127/tools/bin/../lib/gcc/arm-none-eabi/10.3.1/../../../../arm-none-eabi/lib/thumb/v7e-m+fp/hard\libc_nano.a(lib_a-strlen.o)
 .ARM.attributes
                0x0000000000000536       0x34 c:/st/stm32cubeide_1.10.1/stm32cubeide/plugins/com.st.stm32cube.ide.mcu.externaltools.gnu-tools-for-stm32.10.3-2021.10.win32_1.0.0.202111181127/tools/bin/../lib/gcc/arm-none-eabi/10.3.1/../../../../arm-none-eabi/lib/thumb/v7e-m+fp/hard\libc_nano.a(lib_a-nano-svfprintf.o)
 .ARM.attributes
                0x000000000000056a       0x34 c:/st/stm32cubeide_1.10.1/stm32cubeide/plugins/com.st.stm32cube.ide.mcu.externaltools.gnu-tools-for-stm32.10.3-2021.10.win32_1.0.0.202111181127/tools/bin/../lib/gcc/arm-none-eabi/10.3.1/../../../../arm-none-eabi/lib/thumb/v7e-m+fp/hard\libc_nano.a(lib_a-nano-vfprintf_i.o)
 .ARM.attributes
                0x000000000000059e       0x1c c:/st/stm32cubeide_1.10.1/stm32cubeide/plugins/com.st.stm32cube.ide.mcu.externaltools.gnu-tools-for-stm32.10.3-2021.10.win32_1.0.0.202111181127/tools/bin/../lib/gcc/arm-none-eabi/10.3.1/../../../../arm-none-eabi/lib/thumb/v7e-m+fp/hard\libc_nano.a(lib_a-memchr.o)
 .ARM.attributes
                0x00000000000005ba       0x34 c:/st/stm32cubeide_1.10.1/stm32cubeide/plugins/com.st.stm32cube.ide.mcu.externaltools.gnu-tools-for-stm32.10.3-2021.10.win32_1.0.0.202111181127/tools/bin/../lib/gcc/arm-none-eabi/10.3.1/../../../../arm-none-eabi/lib/thumb/v7e-m+fp/hard\libc_nano.a(lib_a-memcpy-stub.o)
 .ARM.attributes
                0x00000000000005ee       0x34 c:/st/stm32cubeide_1.10.1/stm32cubeide/plugins/com.st.stm32cube.ide.mcu.externaltools.gnu-tools-for-stm32.10.3-2021.10.win32_1.0.0.202111181127/tools/bin/../lib/gcc/arm-none-eabi/10.3.1/../../../../arm-none-eabi/lib/thumb/v7e-m+fp/hard\libc_nano.a(lib_a-memmove.o)
 .ARM.attributes
                0x0000000000000622       0x34 c:/st/stm32cubeide_1.10.1/stm32cubeide/plugins/com.st.stm32cube.ide.mcu.externaltools.gnu-tools-for-stm32.10.3-2021.10.win32_1.0.0.202111181127/tools/bin/../lib/gcc/arm-none-eabi/10.3.1/../../../../arm-none-eabi/lib/thumb/v7e-m+fp/hard\libc_nano.a(lib_a-nano-freer.o)
 .ARM.attributes
                0x0000000000000656       0x34 c:/st/stm32cubeide_1.10.1/stm32cubeide/plugins/com.st.stm32cube.ide.mcu.externaltools.gnu-tools-for-stm32.10.3-2021.10.win32_1.0.0.202111181127/tools/bin/../lib/gcc/arm-none-eabi/10.3.1/../../../../arm-none-eabi/lib/thumb/v7e-m+fp/hard\libc_nano.a(lib_a-nano-mallocr.o)
 .ARM.attributes
                0x000000000000068a       0x34 c:/st/stm32cubeide_1.10.1/stm32cubeide/plugins/com.st.stm32cube.ide.mcu.externaltools.gnu-tools-for-stm32.10.3-2021.10.win32_1.0.0.202111181127/tools/bin/../lib/gcc/arm-none-eabi/10.3.1/../../../../arm-none-eabi/lib/thumb/v7e-m+fp/hard\libc_nano.a(lib_a-nano-reallocr.o)
 .ARM.attributes
                0x00000000000006be       0x34 c:/st/stm32cubeide_1.10.1/stm32cubeide/plugins/com.st.stm32cube.ide.mcu.externaltools.gnu-tools-for-stm32.10.3-2021.10.win32_1.0.0.202111181127/tools/bin/../lib/gcc/arm-none-eabi/10.3.1/../../../../arm-none-eabi/lib/thumb/v7e-m+fp/hard\libc_nano.a(lib_a-sbrkr.o)
 .ARM.attributes
                0x00000000000006f2       0x34 c:/st/stm32cubeide_1.10.1/stm32cubeide/plugins/com.st.stm32cube.ide.mcu.externaltools.gnu-tools-for-stm32.10.3-2021.10.win32_1.0.0.202111181127/tools/bin/../lib/gcc/arm-none-eabi/10.3.1/../../../../arm-none-eabi/lib/thumb/v7e-m+fp/hard\libc_nano.a(lib_a-mlock.o)
 .ARM.attributes
                0x0000000000000726       0x34 c:/st/stm32cubeide_1.10.1/stm32cubeide/plugins/com.st.stm32cube.ide.mcu.externaltools.gnu-tools-for-stm32.10.3-2021.10.win32_1.0.0.202111181127/tools/bin/../lib/gcc/arm-none-eabi/10.3.1/../../../../arm-none-eabi/lib/thumb/v7e-m+fp/hard\libc_nano.a(lib_a-nano-msizer.o)
 .ARM.attributes
                0x000000000000075a       0x34 c:/st/stm32cubeide_1.10.1/stm32cubeide/plugins/com.st.stm32cube.ide.mcu.externaltools.gnu-tools-for-stm32.10.3-2021.10.win32_1.0.0.202111181127/tools/bin/../lib/gcc/arm-none-eabi/10.3.1/../../../../arm-none-eabi/lib/thumb/v7e-m+fp/hard\libc_nano.a(lib_a-reent.o)
 .ARM.attributes
                0x000000000000078e       0x34 c:/st/stm32cubeide_1.10.1/stm32cubeide/plugins/com.st.stm32cube.ide.mcu.externaltools.gnu-tools-for-stm32.10.3-2021.10.win32_1.0.0.202111181127/tools/bin/../lib/gcc/arm-none-eabi/10.3.1/../../../../arm-none-eabi/lib/thumb/v7e-m+fp/hard\libc_nano.a(lib_a-lock.o)
 .ARM.attributes
                0x00000000000007c2       0x1e c:/st/stm32cubeide_1.10.1/stm32cubeide/plugins/com.st.stm32cube.ide.mcu.externaltools.gnu-tools-for-stm32.10.3-2021.10.win32_1.0.0.202111181127/tools/bin/../lib/gcc/arm-none-eabi/10.3.1/thumb/v7e-m+fp/hard\libgcc.a(_aeabi_uldivmod.o)
 .ARM.attributes
                0x00000000000007e0       0x34 c:/st/stm32cubeide_1.10.1/stm32cubeide/plugins/com.st.stm32cube.ide.mcu.externaltools.gnu-tools-for-stm32.10.3-2021.10.win32_1.0.0.202111181127/tools/bin/../lib/gcc/arm-none-eabi/10.3.1/thumb/v7e-m+fp/hard\libgcc.a(_udivmoddi4.o)
 .ARM.attributes
                0x0000000000000814       0x1e c:/st/stm32cubeide_1.10.1/stm32cubeide/plugins/com.st.stm32cube.ide.mcu.externaltools.gnu-tools-for-stm32.10.3-2021.10.win32_1.0.0.202111181127/tools/bin/../lib/gcc/arm-none-eabi/10.3.1/thumb/v7e-m+fp/hard\libgcc.a(_dvmd_tls.o)
 .ARM.attributes
                0x0000000000000832       0x1e c:/st/stm32cubeide_1.10.1/stm32cubeide/plugins/com.st.stm32cube.ide.mcu.externaltools.gnu-tools-for-stm32.10.3-2021.10.win32_1.0.0.202111181127/tools/bin/../lib/gcc/arm-none-eabi/10.3.1/thumb/v7e-m+fp/hard/crtn.o
OUTPUT(rflibtest.elf elf32-littlearm)
LOAD linker stubs
LOAD c:/st/stm32cubeide_1.10.1/stm32cubeide/plugins/com.st.stm32cube.ide.mcu.externaltools.gnu-tools-for-stm32.10.3-2021.10.win32_1.0.0.202111181127/tools/bin/../lib/gcc/arm-none-eabi/10.3.1/../../../../arm-none-eabi/lib/thumb/v7e-m+fp/hard\libc.a
LOAD c:/st/stm32cubeide_1.10.1/stm32cubeide/plugins/com.st.stm32cube.ide.mcu.externaltools.gnu-tools-for-stm32.10.3-2021.10.win32_1.0.0.202111181127/tools/bin/../lib/gcc/arm-none-eabi/10.3.1/../../../../arm-none-eabi/lib/thumb/v7e-m+fp/hard\libm.a
LOAD c:/st/stm32cubeide_1.10.1/stm32cubeide/plugins/com.st.stm32cube.ide.mcu.externaltools.gnu-tools-for-stm32.10.3-2021.10.win32_1.0.0.202111181127/tools/bin/../lib/gcc/arm-none-eabi/10.3.1/thumb/v7e-m+fp/hard\libgcc.a

.debug_info     0x0000000000000000     0xd9fd
 .debug_info    0x0000000000000000      0xa9d ./Core/Src/RFM69.o
 .debug_info    0x0000000000000a9d      0x358 ./Core/Src/RFM69_ext.o
 .debug_info    0x0000000000000df5      0x4d9 ./Core/Src/gpio.o
 .debug_info    0x00000000000012ce      0x670 ./Core/Src/main.o
 .debug_info    0x000000000000193e      0xac1 ./Core/Src/spi.o
 .debug_info    0x00000000000023ff      0x30f ./Core/Src/stm32l4xx_hal_msp.o
 .debug_info    0x000000000000270e      0x129 ./Core/Src/stm32l4xx_it.o
 .debug_info    0x0000000000002837      0x171 ./Core/Src/sysmem.o
 .debug_info    0x00000000000029a8      0x5c6 ./Core/Src/system_stm32l4xx.o
 .debug_info    0x0000000000002f6e      0xdd5 ./Core/Src/usart.o
 .debug_info    0x0000000000003d43       0x22 ./Core/Startup/startup_stm32l476rgtx.o
 .debug_info    0x0000000000003d65      0xc57 ./Drivers/STM32L4xx_HAL_Driver/Src/stm32l4xx_hal.o
 .debug_info    0x00000000000049bc      0xe21 ./Drivers/STM32L4xx_HAL_Driver/Src/stm32l4xx_hal_cortex.o
 .debug_info    0x00000000000057dd      0x821 ./Drivers/STM32L4xx_HAL_Driver/Src/stm32l4xx_hal_gpio.o
 .debug_info    0x0000000000005ffe      0x9f0 ./Drivers/STM32L4xx_HAL_Driver/Src/stm32l4xx_hal_pwr_ex.o
 .debug_info    0x00000000000069ee      0xced ./Drivers/STM32L4xx_HAL_Driver/Src/stm32l4xx_hal_rcc.o
 .debug_info    0x00000000000076db      0xe92 ./Drivers/STM32L4xx_HAL_Driver/Src/stm32l4xx_hal_rcc_ex.o
 .debug_info    0x000000000000856d     0x1782 ./Drivers/STM32L4xx_HAL_Driver/Src/stm32l4xx_hal_spi.o
 .debug_info    0x0000000000009cef     0x3d0e ./Drivers/STM32L4xx_HAL_Driver/Src/stm32l4xx_hal_uart.o

.debug_abbrev   0x0000000000000000     0x233d
 .debug_abbrev  0x0000000000000000      0x317 ./Core/Src/RFM69.o
 .debug_abbrev  0x0000000000000317      0x211 ./Core/Src/RFM69_ext.o
 .debug_abbrev  0x0000000000000528      0x146 ./Core/Src/gpio.o
 .debug_abbrev  0x000000000000066e      0x245 ./Core/Src/main.o
 .debug_abbrev  0x00000000000008b3      0x1fe ./Core/Src/spi.o
 .debug_abbrev  0x0000000000000ab1       0xc2 ./Core/Src/stm32l4xx_hal_msp.o
 .debug_abbrev  0x0000000000000b73       0x74 ./Core/Src/stm32l4xx_it.o
 .debug_abbrev  0x0000000000000be7       0xbb ./Core/Src/sysmem.o
 .debug_abbrev  0x0000000000000ca2      0x116 ./Core/Src/system_stm32l4xx.o
 .debug_abbrev  0x0000000000000db8      0x20f ./Core/Src/usart.o
 .debug_abbrev  0x0000000000000fc7       0x12 ./Core/Startup/startup_stm32l476rgtx.o
 .debug_abbrev  0x0000000000000fd9      0x23a ./Drivers/STM32L4xx_HAL_Driver/Src/stm32l4xx_hal.o
 .debug_abbrev  0x0000000000001213      0x316 ./Drivers/STM32L4xx_HAL_Driver/Src/stm32l4xx_hal_cortex.o
 .debug_abbrev  0x0000000000001529      0x1bb ./Drivers/STM32L4xx_HAL_Driver/Src/stm32l4xx_hal_gpio.o
 .debug_abbrev  0x00000000000016e4      0x1f3 ./Drivers/STM32L4xx_HAL_Driver/Src/stm32l4xx_hal_pwr_ex.o
 .debug_abbrev  0x00000000000018d7      0x2bd ./Drivers/STM32L4xx_HAL_Driver/Src/stm32l4xx_hal_rcc.o
 .debug_abbrev  0x0000000000001b94      0x299 ./Drivers/STM32L4xx_HAL_Driver/Src/stm32l4xx_hal_rcc_ex.o
 .debug_abbrev  0x0000000000001e2d      0x254 ./Drivers/STM32L4xx_HAL_Driver/Src/stm32l4xx_hal_spi.o
 .debug_abbrev  0x0000000000002081      0x2bc ./Drivers/STM32L4xx_HAL_Driver/Src/stm32l4xx_hal_uart.o

.debug_aranges  0x0000000000000000      0xc70
 .debug_aranges
                0x0000000000000000      0x120 ./Core/Src/RFM69.o
 .debug_aranges
                0x0000000000000120       0x50 ./Core/Src/RFM69_ext.o
 .debug_aranges
                0x0000000000000170       0x20 ./Core/Src/gpio.o
 .debug_aranges
                0x0000000000000190       0x30 ./Core/Src/main.o
 .debug_aranges
                0x00000000000001c0       0x38 ./Core/Src/spi.o
 .debug_aranges
                0x00000000000001f8       0x20 ./Core/Src/stm32l4xx_hal_msp.o
 .debug_aranges
                0x0000000000000218       0x60 ./Core/Src/stm32l4xx_it.o
 .debug_aranges
                0x0000000000000278       0x20 ./Core/Src/sysmem.o
 .debug_aranges
                0x0000000000000298       0x28 ./Core/Src/system_stm32l4xx.o
 .debug_aranges
                0x00000000000002c0       0x38 ./Core/Src/usart.o
 .debug_aranges
                0x00000000000002f8       0x28 ./Core/Startup/startup_stm32l476rgtx.o
 .debug_aranges
                0x0000000000000320      0x130 ./Drivers/STM32L4xx_HAL_Driver/Src/stm32l4xx_hal.o
 .debug_aranges
                0x0000000000000450      0x118 ./Drivers/STM32L4xx_HAL_Driver/Src/stm32l4xx_hal_cortex.o
 .debug_aranges
                0x0000000000000568       0x58 ./Drivers/STM32L4xx_HAL_Driver/Src/stm32l4xx_hal_gpio.o
 .debug_aranges
                0x00000000000005c0      0x160 ./Drivers/STM32L4xx_HAL_Driver/Src/stm32l4xx_hal_pwr_ex.o
 .debug_aranges
                0x0000000000000720       0x90 ./Drivers/STM32L4xx_HAL_Driver/Src/stm32l4xx_hal_rcc.o
 .debug_aranges
                0x00000000000007b0       0xc0 ./Drivers/STM32L4xx_HAL_Driver/Src/stm32l4xx_hal_rcc_ex.o
 .debug_aranges
                0x0000000000000870      0x1d8 ./Drivers/STM32L4xx_HAL_Driver/Src/stm32l4xx_hal_spi.o
 .debug_aranges
                0x0000000000000a48      0x228 ./Drivers/STM32L4xx_HAL_Driver/Src/stm32l4xx_hal_uart.o

.debug_ranges   0x0000000000000000      0xb78
 .debug_ranges  0x0000000000000000      0x110 ./Core/Src/RFM69.o
 .debug_ranges  0x0000000000000110       0x40 ./Core/Src/RFM69_ext.o
 .debug_ranges  0x0000000000000150       0x10 ./Core/Src/gpio.o
 .debug_ranges  0x0000000000000160       0x20 ./Core/Src/main.o
 .debug_ranges  0x0000000000000180       0x28 ./Core/Src/spi.o
 .debug_ranges  0x00000000000001a8       0x10 ./Core/Src/stm32l4xx_hal_msp.o
 .debug_ranges  0x00000000000001b8       0x50 ./Core/Src/stm32l4xx_it.o
 .debug_ranges  0x0000000000000208       0x10 ./Core/Src/sysmem.o
 .debug_ranges  0x0000000000000218       0x18 ./Core/Src/system_stm32l4xx.o
 .debug_ranges  0x0000000000000230       0x28 ./Core/Src/usart.o
 .debug_ranges  0x0000000000000258       0x20 ./Core/Startup/startup_stm32l476rgtx.o
 .debug_ranges  0x0000000000000278      0x120 ./Drivers/STM32L4xx_HAL_Driver/Src/stm32l4xx_hal.o
 .debug_ranges  0x0000000000000398      0x108 ./Drivers/STM32L4xx_HAL_Driver/Src/stm32l4xx_hal_cortex.o
 .debug_ranges  0x00000000000004a0       0x48 ./Drivers/STM32L4xx_HAL_Driver/Src/stm32l4xx_hal_gpio.o
 .debug_ranges  0x00000000000004e8      0x150 ./Drivers/STM32L4xx_HAL_Driver/Src/stm32l4xx_hal_pwr_ex.o
 .debug_ranges  0x0000000000000638       0x80 ./Drivers/STM32L4xx_HAL_Driver/Src/stm32l4xx_hal_rcc.o
 .debug_ranges  0x00000000000006b8       0xb0 ./Drivers/STM32L4xx_HAL_Driver/Src/stm32l4xx_hal_rcc_ex.o
 .debug_ranges  0x0000000000000768      0x1c8 ./Drivers/STM32L4xx_HAL_Driver/Src/stm32l4xx_hal_spi.o
 .debug_ranges  0x0000000000000930      0x248 ./Drivers/STM32L4xx_HAL_Driver/Src/stm32l4xx_hal_uart.o

.debug_macro    0x0000000000000000    0x29088
 .debug_macro   0x0000000000000000      0x3ba ./Core/Src/RFM69.o
 .debug_macro   0x00000000000003ba      0xa78 ./Core/Src/RFM69.o
 .debug_macro   0x0000000000000e32       0x22 ./Core/Src/RFM69.o
 .debug_macro   0x0000000000000e54       0x22 ./Core/Src/RFM69.o
 .debug_macro   0x0000000000000e76       0x8e ./Core/Src/RFM69.o
 .debug_macro   0x0000000000000f04       0x51 ./Core/Src/RFM69.o
 .debug_macro   0x0000000000000f55      0x103 ./Core/Src/RFM69.o
 .debug_macro   0x0000000000001058       0x6a ./Core/Src/RFM69.o
 .debug_macro   0x00000000000010c2      0x1df ./Core/Src/RFM69.o
 .debug_macro   0x00000000000012a1       0x52 ./Core/Src/RFM69.o
 .debug_macro   0x00000000000012f3       0x1e ./Core/Src/RFM69.o
 .debug_macro   0x0000000000001311       0x3c ./Core/Src/RFM69.o
 .debug_macro   0x000000000000134d       0x34 ./Core/Src/RFM69.o
 .debug_macro   0x0000000000001381       0x16 ./Core/Src/RFM69.o
 .debug_macro   0x0000000000001397       0x97 ./Core/Src/RFM69.o
 .debug_macro   0x000000000000142e      0x341 ./Core/Src/RFM69.o
 .debug_macro   0x000000000000176f       0xfd ./Core/Src/RFM69.o
 .debug_macro   0x000000000000186c       0x10 ./Core/Src/RFM69.o
 .debug_macro   0x000000000000187c       0x16 ./Core/Src/RFM69.o
 .debug_macro   0x0000000000001892       0x43 ./Core/Src/RFM69.o
 .debug_macro   0x00000000000018d5       0x34 ./Core/Src/RFM69.o
 .debug_macro   0x0000000000001909       0x10 ./Core/Src/RFM69.o
 .debug_macro   0x0000000000001919       0x58 ./Core/Src/RFM69.o
 .debug_macro   0x0000000000001971       0x71 ./Core/Src/RFM69.o
 .debug_macro   0x00000000000019e2       0x1c ./Core/Src/RFM69.o
 .debug_macro   0x00000000000019fe      0x12a ./Core/Src/RFM69.o
 .debug_macro   0x0000000000001b28       0x10 ./Core/Src/RFM69.o
 .debug_macro   0x0000000000001b38       0x1c ./Core/Src/RFM69.o
 .debug_macro   0x0000000000001b54       0x52 ./Core/Src/RFM69.o
 .debug_macro   0x0000000000001ba6       0x22 ./Core/Src/RFM69.o
 .debug_macro   0x0000000000001bc8       0x10 ./Core/Src/RFM69.o
 .debug_macro   0x0000000000001bd8       0x52 ./Core/Src/RFM69.o
 .debug_macro   0x0000000000001c2a       0xd5 ./Core/Src/RFM69.o
 .debug_macro   0x0000000000001cff       0x1c ./Core/Src/RFM69.o
 .debug_macro   0x0000000000001d1b       0x3d ./Core/Src/RFM69.o
 .debug_macro   0x0000000000001d58       0x16 ./Core/Src/RFM69.o
 .debug_macro   0x0000000000001d6e      0x145 ./Core/Src/RFM69.o
 .debug_macro   0x0000000000001eb3      0x1ad ./Core/Src/RFM69.o
 .debug_macro   0x0000000000002060       0x2e ./Core/Src/RFM69.o
 .debug_macro   0x000000000000208e       0x28 ./Core/Src/RFM69.o
 .debug_macro   0x00000000000020b6       0x1c ./Core/Src/RFM69.o
 .debug_macro   0x00000000000020d2       0x22 ./Core/Src/RFM69.o
 .debug_macro   0x00000000000020f4       0xfb ./Core/Src/RFM69.o
 .debug_macro   0x00000000000021ef     0x1011 ./Core/Src/RFM69.o
 .debug_macro   0x0000000000003200      0x11f ./Core/Src/RFM69.o
 .debug_macro   0x000000000000331f    0x1a17a ./Core/Src/RFM69.o
 .debug_macro   0x000000000001d499       0x6d ./Core/Src/RFM69.o
 .debug_macro   0x000000000001d506     0x38e6 ./Core/Src/RFM69.o
 .debug_macro   0x0000000000020dec       0x56 ./Core/Src/RFM69.o
 .debug_macro   0x0000000000020e42     0x159e ./Core/Src/RFM69.o
 .debug_macro   0x00000000000223e0      0x5a5 ./Core/Src/RFM69.o
 .debug_macro   0x0000000000022985      0x1b9 ./Core/Src/RFM69.o
 .debug_macro   0x0000000000022b3e      0x18b ./Core/Src/RFM69.o
 .debug_macro   0x0000000000022cc9      0x26b ./Core/Src/RFM69.o
 .debug_macro   0x0000000000022f34      0x23d ./Core/Src/RFM69.o
 .debug_macro   0x0000000000023171      0x241 ./Core/Src/RFM69.o
 .debug_macro   0x00000000000233b2      0x37c ./Core/Src/RFM69.o
 .debug_macro   0x000000000002372e       0xd6 ./Core/Src/RFM69.o
 .debug_macro   0x0000000000023804      0x22c ./Core/Src/RFM69.o
 .debug_macro   0x0000000000023a30       0x61 ./Core/Src/RFM69.o
 .debug_macro   0x0000000000023a91       0xa5 ./Core/Src/RFM69.o
 .debug_macro   0x0000000000023b36      0x122 ./Core/Src/RFM69.o
 .debug_macro   0x0000000000023c58      0x3ef ./Core/Src/RFM69.o
 .debug_macro   0x0000000000024047      0x2fe ./Core/Src/RFM69.o
 .debug_macro   0x0000000000024345      0x5ba ./Core/Src/RFM69.o
 .debug_macro   0x00000000000248ff       0x44 ./Core/Src/RFM69.o
 .debug_macro   0x0000000000024943      0x330 ./Core/Src/RFM69.o
 .debug_macro   0x0000000000024c73       0x16 ./Core/Src/RFM69.o
 .debug_macro   0x0000000000024c89       0x35 ./Core/Src/RFM69.o
 .debug_macro   0x0000000000024cbe       0x20 ./Core/Src/RFM69.o
 .debug_macro   0x0000000000024cde       0x10 ./Core/Src/RFM69.o
 .debug_macro   0x0000000000024cee       0x8e ./Core/Src/RFM69.o
 .debug_macro   0x0000000000024d7c     0x17af ./Core/Src/RFM69.o
 .debug_macro   0x000000000002652b      0x2de ./Core/Src/RFM69_ext.o
 .debug_macro   0x0000000000026809      0x174 ./Core/Src/RFM69_ext.o
 .debug_macro   0x000000000002697d       0x5c ./Core/Src/RFM69_ext.o
 .debug_macro   0x00000000000269d9       0x10 ./Core/Src/RFM69_ext.o
 .debug_macro   0x00000000000269e9      0x2c1 ./Core/Src/gpio.o
 .debug_macro   0x0000000000026caa      0x3c0 ./Core/Src/main.o
 .debug_macro   0x000000000002706a       0x1c ./Core/Src/main.o
 .debug_macro   0x0000000000027086      0x2c1 ./Core/Src/spi.o
 .debug_macro   0x0000000000027347      0x2b7 ./Core/Src/stm32l4xx_hal_msp.o
 .debug_macro   0x00000000000275fe      0x2c1 ./Core/Src/stm32l4xx_it.o
 .debug_macro   0x00000000000278bf       0xff ./Core/Src/sysmem.o
 .debug_macro   0x00000000000279be      0x23b ./Core/Src/sysmem.o
 .debug_macro   0x0000000000027bf9      0x1da ./Core/Src/system_stm32l4xx.o
 .debug_macro   0x0000000000027dd3      0x2c1 ./Core/Src/usart.o
 .debug_macro   0x0000000000028094      0x228 ./Drivers/STM32L4xx_HAL_Driver/Src/stm32l4xx_hal.o
 .debug_macro   0x00000000000282bc      0x1da ./Drivers/STM32L4xx_HAL_Driver/Src/stm32l4xx_hal_cortex.o
 .debug_macro   0x0000000000028496      0x1e1 ./Drivers/STM32L4xx_HAL_Driver/Src/stm32l4xx_hal_gpio.o
 .debug_macro   0x0000000000028677      0x1fe ./Drivers/STM32L4xx_HAL_Driver/Src/stm32l4xx_hal_pwr_ex.o
 .debug_macro   0x0000000000028875      0x21c ./Drivers/STM32L4xx_HAL_Driver/Src/stm32l4xx_hal_rcc.o
 .debug_macro   0x0000000000028a91      0x210 ./Drivers/STM32L4xx_HAL_Driver/Src/stm32l4xx_hal_rcc_ex.o
 .debug_macro   0x0000000000028ca1      0x1e2 ./Drivers/STM32L4xx_HAL_Driver/Src/stm32l4xx_hal_spi.o
 .debug_macro   0x0000000000028e83      0x205 ./Drivers/STM32L4xx_HAL_Driver/Src/stm32l4xx_hal_uart.o

.debug_line     0x0000000000000000    0x104a5
 .debug_line    0x0000000000000000     0x13ef ./Core/Src/RFM69.o
 .debug_line    0x00000000000013ef      0x93c ./Core/Src/RFM69_ext.o
 .debug_line    0x0000000000001d2b      0x871 ./Core/Src/gpio.o
 .debug_line    0x000000000000259c      0x9fd ./Core/Src/main.o
 .debug_line    0x0000000000002f99      0x8f0 ./Core/Src/spi.o
 .debug_line    0x0000000000003889      0x84a ./Core/Src/stm32l4xx_hal_msp.o
 .debug_line    0x00000000000040d3      0x90d ./Core/Src/stm32l4xx_it.o
 .debug_line    0x00000000000049e0      0x4ea ./Core/Src/sysmem.o
 .debug_line    0x0000000000004eca      0x785 ./Core/Src/system_stm32l4xx.o
 .debug_line    0x000000000000564f      0x8e7 ./Core/Src/usart.o
 .debug_line    0x0000000000005f36       0x88 ./Core/Startup/startup_stm32l476rgtx.o
 .debug_line    0x0000000000005fbe      0xade ./Drivers/STM32L4xx_HAL_Driver/Src/stm32l4xx_hal.o
 .debug_line    0x0000000000006a9c      0xc84 ./Drivers/STM32L4xx_HAL_Driver/Src/stm32l4xx_hal_cortex.o
 .debug_line    0x0000000000007720      0xb51 ./Drivers/STM32L4xx_HAL_Driver/Src/stm32l4xx_hal_gpio.o
 .debug_line    0x0000000000008271      0xcd5 ./Drivers/STM32L4xx_HAL_Driver/Src/stm32l4xx_hal_pwr_ex.o
 .debug_line    0x0000000000008f46      0xf57 ./Drivers/STM32L4xx_HAL_Driver/Src/stm32l4xx_hal_rcc.o
 .debug_line    0x0000000000009e9d     0x1496 ./Drivers/STM32L4xx_HAL_Driver/Src/stm32l4xx_hal_rcc_ex.o
 .debug_line    0x000000000000b333     0x1f17 ./Drivers/STM32L4xx_HAL_Driver/Src/stm32l4xx_hal_spi.o
 .debug_line    0x000000000000d24a     0x325b ./Drivers/STM32L4xx_HAL_Driver/Src/stm32l4xx_hal_uart.o

.debug_str      0x0000000000000000    0xf199f
 .debug_str     0x0000000000000000    0xedbda ./Core/Src/RFM69.o
                                      0xededb (size before relaxing)
 .debug_str     0x00000000000edbda      0x10d ./Core/Src/RFM69_ext.o
                                      0xe7409 (size before relaxing)
 .debug_str     0x00000000000edce7      0x1af ./Core/Src/gpio.o
                                      0xe744a (size before relaxing)
 .debug_str     0x00000000000ede96      0x246 ./Core/Src/main.o
                                      0xe87d4 (size before relaxing)
 .debug_str     0x00000000000ee0dc      0x3f7 ./Core/Src/spi.o
                                      0xe78ac (size before relaxing)
 .debug_str     0x00000000000ee4d3       0x2c ./Core/Src/stm32l4xx_hal_msp.o
                                      0xe737a (size before relaxing)
 .debug_str     0x00000000000ee4ff       0xc9 ./Core/Src/stm32l4xx_it.o
                                      0xe72b3 (size before relaxing)
 .debug_str     0x00000000000ee5c8      0x4da ./Core/Src/sysmem.o
                                       0x5db1 (size before relaxing)
 .debug_str     0x00000000000eeaa2       0xf2 ./Core/Src/system_stm32l4xx.o
                                      0xe45ea (size before relaxing)
 .debug_str     0x00000000000eeb94      0x470 ./Core/Src/usart.o
                                      0xe7b79 (size before relaxing)
 .debug_str     0x00000000000ef004       0x36 ./Core/Startup/startup_stm32l476rgtx.o
                                         0x73 (size before relaxing)
 .debug_str     0x00000000000ef03a      0xaef ./Drivers/STM32L4xx_HAL_Driver/Src/stm32l4xx_hal.o
                                      0xe51e9 (size before relaxing)
 .debug_str     0x00000000000efb29      0x344 ./Drivers/STM32L4xx_HAL_Driver/Src/stm32l4xx_hal_cortex.o
                                      0xe4e31 (size before relaxing)
 .debug_str     0x00000000000efe6d      0x112 ./Drivers/STM32L4xx_HAL_Driver/Src/stm32l4xx_hal_gpio.o
                                      0xe4763 (size before relaxing)
 .debug_str     0x00000000000eff7f      0x4e3 ./Drivers/STM32L4xx_HAL_Driver/Src/stm32l4xx_hal_pwr_ex.o
                                      0xe4b45 (size before relaxing)
 .debug_str     0x00000000000f0462      0x345 ./Drivers/STM32L4xx_HAL_Driver/Src/stm32l4xx_hal_rcc.o
                                      0xe4c30 (size before relaxing)
 .debug_str     0x00000000000f07a7      0x3bf ./Drivers/STM32L4xx_HAL_Driver/Src/stm32l4xx_hal_rcc_ex.o
                                      0xe4da9 (size before relaxing)
 .debug_str     0x00000000000f0b66      0x5aa ./Drivers/STM32L4xx_HAL_Driver/Src/stm32l4xx_hal_spi.o
                                      0xe4e0b (size before relaxing)
 .debug_str     0x00000000000f1110      0x88f ./Drivers/STM32L4xx_HAL_Driver/Src/stm32l4xx_hal_uart.o
                                      0xe531a (size before relaxing)

.comment        0x0000000000000000       0x50
 .comment       0x0000000000000000       0x50 ./Core/Src/RFM69.o
                                         0x51 (size before relaxing)
 .comment       0x0000000000000050       0x51 ./Core/Src/RFM69_ext.o
 .comment       0x0000000000000050       0x51 ./Core/Src/gpio.o
 .comment       0x0000000000000050       0x51 ./Core/Src/main.o
 .comment       0x0000000000000050       0x51 ./Core/Src/spi.o
 .comment       0x0000000000000050       0x51 ./Core/Src/stm32l4xx_hal_msp.o
 .comment       0x0000000000000050       0x51 ./Core/Src/stm32l4xx_it.o
 .comment       0x0000000000000050       0x51 ./Core/Src/sysmem.o
 .comment       0x0000000000000050       0x51 ./Core/Src/system_stm32l4xx.o
 .comment       0x0000000000000050       0x51 ./Core/Src/usart.o
 .comment       0x0000000000000050       0x51 ./Drivers/STM32L4xx_HAL_Driver/Src/stm32l4xx_hal.o
 .comment       0x0000000000000050       0x51 ./Drivers/STM32L4xx_HAL_Driver/Src/stm32l4xx_hal_cortex.o
 .comment       0x0000000000000050       0x51 ./Drivers/STM32L4xx_HAL_Driver/Src/stm32l4xx_hal_gpio.o
 .comment       0x0000000000000050       0x51 ./Drivers/STM32L4xx_HAL_Driver/Src/stm32l4xx_hal_pwr_ex.o
 .comment       0x0000000000000050       0x51 ./Drivers/STM32L4xx_HAL_Driver/Src/stm32l4xx_hal_rcc.o
 .comment       0x0000000000000050       0x51 ./Drivers/STM32L4xx_HAL_Driver/Src/stm32l4xx_hal_rcc_ex.o
 .comment       0x0000000000000050       0x51 ./Drivers/STM32L4xx_HAL_Driver/Src/stm32l4xx_hal_spi.o
 .comment       0x0000000000000050       0x51 ./Drivers/STM32L4xx_HAL_Driver/Src/stm32l4xx_hal_uart.o

.debug_frame    0x0000000000000000     0x3528
 .debug_frame   0x0000000000000000      0x474 ./Core/Src/RFM69.o
 .debug_frame   0x0000000000000474       0xec ./Core/Src/RFM69_ext.o
 .debug_frame   0x0000000000000560       0x34 ./Core/Src/gpio.o
 .debug_frame   0x0000000000000594       0x6c ./Core/Src/main.o
 .debug_frame   0x0000000000000600       0x98 ./Core/Src/spi.o
 .debug_frame   0x0000000000000698       0x38 ./Core/Src/stm32l4xx_hal_msp.o
 .debug_frame   0x00000000000006d0      0x104 ./Core/Src/stm32l4xx_it.o
 .debug_frame   0x00000000000007d4       0x34 ./Core/Src/sysmem.o
 .debug_frame   0x0000000000000808       0x58 ./Core/Src/system_stm32l4xx.o
 .debug_frame   0x0000000000000860       0x9c ./Core/Src/usart.o
 .debug_frame   0x00000000000008fc      0x498 ./Drivers/STM32L4xx_HAL_Driver/Src/stm32l4xx_hal.o
 .debug_frame   0x0000000000000d94      0x498 ./Drivers/STM32L4xx_HAL_Driver/Src/stm32l4xx_hal_cortex.o
 .debug_frame   0x000000000000122c      0x14c ./Drivers/STM32L4xx_HAL_Driver/Src/stm32l4xx_hal_gpio.o
 .debug_frame   0x0000000000001378      0x584 ./Drivers/STM32L4xx_HAL_Driver/Src/stm32l4xx_hal_pwr_ex.o
 .debug_frame   0x00000000000018fc      0x21c ./Drivers/STM32L4xx_HAL_Driver/Src/stm32l4xx_hal_rcc.o
 .debug_frame   0x0000000000001b18      0x2fc ./Drivers/STM32L4xx_HAL_Driver/Src/stm32l4xx_hal_rcc_ex.o
 .debug_frame   0x0000000000001e14      0x860 ./Drivers/STM32L4xx_HAL_Driver/Src/stm32l4xx_hal_spi.o
 .debug_frame   0x0000000000002674      0x9f4 ./Drivers/STM32L4xx_HAL_Driver/Src/stm32l4xx_hal_uart.o
 .debug_frame   0x0000000000003068       0x20 c:/st/stm32cubeide_1.10.1/stm32cubeide/plugins/com.st.stm32cube.ide.mcu.externaltools.gnu-tools-for-stm32.10.3-2021.10.win32_1.0.0.202111181127/tools/bin/../lib/gcc/arm-none-eabi/10.3.1/../../../../arm-none-eabi/lib/thumb/v7e-m+fp/hard\libc_nano.a(lib_a-errno.o)
 .debug_frame   0x0000000000003088       0x2c c:/st/stm32cubeide_1.10.1/stm32cubeide/plugins/com.st.stm32cube.ide.mcu.externaltools.gnu-tools-for-stm32.10.3-2021.10.win32_1.0.0.202111181127/tools/bin/../lib/gcc/arm-none-eabi/10.3.1/../../../../arm-none-eabi/lib/thumb/v7e-m+fp/hard\libc_nano.a(lib_a-init.o)
 .debug_frame   0x00000000000030b4       0x20 c:/st/stm32cubeide_1.10.1/stm32cubeide/plugins/com.st.stm32cube.ide.mcu.externaltools.gnu-tools-for-stm32.10.3-2021.10.win32_1.0.0.202111181127/tools/bin/../lib/gcc/arm-none-eabi/10.3.1/../../../../arm-none-eabi/lib/thumb/v7e-m+fp/hard\libc_nano.a(lib_a-memset.o)
 .debug_frame   0x00000000000030d4       0x6c c:/st/stm32cubeide_1.10.1/stm32cubeide/plugins/com.st.stm32cube.ide.mcu.externaltools.gnu-tools-for-stm32.10.3-2021.10.win32_1.0.0.202111181127/tools/bin/../lib/gcc/arm-none-eabi/10.3.1/../../../../arm-none-eabi/lib/thumb/v7e-m+fp/hard\libc_nano.a(lib_a-sprintf.o)
 .debug_frame   0x0000000000003140       0x90 c:/st/stm32cubeide_1.10.1/stm32cubeide/plugins/com.st.stm32cube.ide.mcu.externaltools.gnu-tools-for-stm32.10.3-2021.10.win32_1.0.0.202111181127/tools/bin/../lib/gcc/arm-none-eabi/10.3.1/../../../../arm-none-eabi/lib/thumb/v7e-m+fp/hard\libc_nano.a(lib_a-nano-svfprintf.o)
 .debug_frame   0x00000000000031d0       0x60 c:/st/stm32cubeide_1.10.1/stm32cubeide/plugins/com.st.stm32cube.ide.mcu.externaltools.gnu-tools-for-stm32.10.3-2021.10.win32_1.0.0.202111181127/tools/bin/../lib/gcc/arm-none-eabi/10.3.1/../../../../arm-none-eabi/lib/thumb/v7e-m+fp/hard\libc_nano.a(lib_a-nano-vfprintf_i.o)
 .debug_frame   0x0000000000003230       0x28 c:/st/stm32cubeide_1.10.1/stm32cubeide/plugins/com.st.stm32cube.ide.mcu.externaltools.gnu-tools-for-stm32.10.3-2021.10.win32_1.0.0.202111181127/tools/bin/../lib/gcc/arm-none-eabi/10.3.1/../../../../arm-none-eabi/lib/thumb/v7e-m+fp/hard\libc_nano.a(lib_a-memcpy-stub.o)
 .debug_frame   0x0000000000003258       0x28 c:/st/stm32cubeide_1.10.1/stm32cubeide/plugins/com.st.stm32cube.ide.mcu.externaltools.gnu-tools-for-stm32.10.3-2021.10.win32_1.0.0.202111181127/tools/bin/../lib/gcc/arm-none-eabi/10.3.1/../../../../arm-none-eabi/lib/thumb/v7e-m+fp/hard\libc_nano.a(lib_a-memmove.o)
 .debug_frame   0x0000000000003280       0x38 c:/st/stm32cubeide_1.10.1/stm32cubeide/plugins/com.st.stm32cube.ide.mcu.externaltools.gnu-tools-for-stm32.10.3-2021.10.win32_1.0.0.202111181127/tools/bin/../lib/gcc/arm-none-eabi/10.3.1/../../../../arm-none-eabi/lib/thumb/v7e-m+fp/hard\libc_nano.a(lib_a-nano-freer.o)
 .debug_frame   0x00000000000032b8       0x4c c:/st/stm32cubeide_1.10.1/stm32cubeide/plugins/com.st.stm32cube.ide.mcu.externaltools.gnu-tools-for-stm32.10.3-2021.10.win32_1.0.0.202111181127/tools/bin/../lib/gcc/arm-none-eabi/10.3.1/../../../../arm-none-eabi/lib/thumb/v7e-m+fp/hard\libc_nano.a(lib_a-nano-mallocr.o)
 .debug_frame   0x0000000000003304       0x3c c:/st/stm32cubeide_1.10.1/stm32cubeide/plugins/com.st.stm32cube.ide.mcu.externaltools.gnu-tools-for-stm32.10.3-2021.10.win32_1.0.0.202111181127/tools/bin/../lib/gcc/arm-none-eabi/10.3.1/../../../../arm-none-eabi/lib/thumb/v7e-m+fp/hard\libc_nano.a(lib_a-nano-reallocr.o)
 .debug_frame   0x0000000000003340       0x2c c:/st/stm32cubeide_1.10.1/stm32cubeide/plugins/com.st.stm32cube.ide.mcu.externaltools.gnu-tools-for-stm32.10.3-2021.10.win32_1.0.0.202111181127/tools/bin/../lib/gcc/arm-none-eabi/10.3.1/../../../../arm-none-eabi/lib/thumb/v7e-m+fp/hard\libc_nano.a(lib_a-sbrkr.o)
 .debug_frame   0x000000000000336c       0x30 c:/st/stm32cubeide_1.10.1/stm32cubeide/plugins/com.st.stm32cube.ide.mcu.externaltools.gnu-tools-for-stm32.10.3-2021.10.win32_1.0.0.202111181127/tools/bin/../lib/gcc/arm-none-eabi/10.3.1/../../../../arm-none-eabi/lib/thumb/v7e-m+fp/hard\libc_nano.a(lib_a-mlock.o)
 .debug_frame   0x000000000000339c       0x20 c:/st/stm32cubeide_1.10.1/stm32cubeide/plugins/com.st.stm32cube.ide.mcu.externaltools.gnu-tools-for-stm32.10.3-2021.10.win32_1.0.0.202111181127/tools/bin/../lib/gcc/arm-none-eabi/10.3.1/../../../../arm-none-eabi/lib/thumb/v7e-m+fp/hard\libc_nano.a(lib_a-nano-msizer.o)
 .debug_frame   0x00000000000033bc       0x5c c:/st/stm32cubeide_1.10.1/stm32cubeide/plugins/com.st.stm32cube.ide.mcu.externaltools.gnu-tools-for-stm32.10.3-2021.10.win32_1.0.0.202111181127/tools/bin/../lib/gcc/arm-none-eabi/10.3.1/../../../../arm-none-eabi/lib/thumb/v7e-m+fp/hard\libc_nano.a(lib_a-reent.o)
 .debug_frame   0x0000000000003418       0xb0 c:/st/stm32cubeide_1.10.1/stm32cubeide/plugins/com.st.stm32cube.ide.mcu.externaltools.gnu-tools-for-stm32.10.3-2021.10.win32_1.0.0.202111181127/tools/bin/../lib/gcc/arm-none-eabi/10.3.1/../../../../arm-none-eabi/lib/thumb/v7e-m+fp/hard\libc_nano.a(lib_a-lock.o)
 .debug_frame   0x00000000000034c8       0x2c c:/st/stm32cubeide_1.10.1/stm32cubeide/plugins/com.st.stm32cube.ide.mcu.externaltools.gnu-tools-for-stm32.10.3-2021.10.win32_1.0.0.202111181127/tools/bin/../lib/gcc/arm-none-eabi/10.3.1/thumb/v7e-m+fp/hard\libgcc.a(_aeabi_uldivmod.o)
 .debug_frame   0x00000000000034f4       0x34 c:/st/stm32cubeide_1.10.1/stm32cubeide/plugins/com.st.stm32cube.ide.mcu.externaltools.gnu-tools-for-stm32.10.3-2021.10.win32_1.0.0.202111181127/tools/bin/../lib/gcc/arm-none-eabi/10.3.1/thumb/v7e-m+fp/hard\libgcc.a(_udivmoddi4.o)
