../Core/Src/RFM69.c:56:6:RFM69_initialize	64	static
../Core/Src/RFM69.c:151:10:RFM69_getFrequency	16	static
../Core/Src/RFM69.c:157:6:RFM69_setFrequency	24	static
../Core/Src/RFM69.c:173:6:RFM69_setMode	16	static
../Core/Src/RFM69.c:208:6:RFM69_sleep	8	static
../Core/Src/RFM69.c:213:6:RFM69_setAddress	16	static
../Core/Src/RFM69.c:220:6:RFM69_setNetwork	16	static
../Core/Src/RFM69.c:233:6:RFM69_setPowerLevel	16	static
../Core/Src/RFM69.c:243:6:RFM69_canSend	8	static
../Core/Src/RFM69.c:253:6:RFM69_send	24	static
../Core/Src/RFM69.c:267:6:RFM69_sendWithRetry	24	static
../Core/Src/RFM69.c:287:6:RFM69_ACKReceived	16	static
../Core/Src/RFM69.c:295:6:RFM69_ACKRequested	4	static
../Core/Src/RFM69.c:301:6:RFM69_sendACK	32	static
../Core/Src/RFM69.c:318:13:RFM69_sendFrame	24	static
../Core/Src/RFM69.c:353:6:RFM69_interruptHandler	24	static
../Core/Src/RFM69.c:398:6:RFM69_receiveBegin	8	static
../Core/Src/RFM69.c:414:6:RFM69_receiveDone	8	static
../Core/Src/RFM69.c:436:6:RFM69_encrypt	24	static
../Core/Src/RFM69.c:451:9:RFM69_readRSSI	24	static
../Core/Src/RFM69.c:466:6:RFM69_promiscuous	16	static
../Core/Src/RFM69.c:489:6:RFM69_setHighPower	8	static
../Core/Src/RFM69.c:502:6:RFM69_setHighPowerRegs	16	static
../Core/Src/RFM69.c:511:6:RFM69_readAllRegs	224	static
../Core/Src/RFM69.c:795:9:RFM69_readTemperature	16	static
../Core/Src/RFM69.c:803:6:RFM69_rcCalibration	8	static
../Core/Src/RFM69.c:809:9:RFM69_readReg	24	static
../Core/Src/RFM69.c:819:6:RFM69_writeReg	16	static
../Core/Src/RFM69.c:828:6:RFM69_select	8	static
../Core/Src/RFM69.c:835:6:RFM69_unselect	8	static
../Core/Src/RFM69.c:852:6:PrintStruct	8	static
../Core/Src/RFM69.c:874:6:PrintByteByByte	8	static
../Core/Src/RFM69.c:885:6:PrintRawBytes	16	static
